Component: ARM Compiler 5.06 update 7 (build 960) Tool: armlink [4d3601]

==============================================================================

Section Cross References

    startup_stm32f446xx.o(STACK) refers (Special) to heapauxi.o(.text) for __use_two_region_memory
    startup_stm32f446xx.o(HEAP) refers (Special) to heapauxi.o(.text) for __use_two_region_memory
    startup_stm32f446xx.o(RESET) refers (Special) to heapauxi.o(.text) for __use_two_region_memory
    startup_stm32f446xx.o(RESET) refers to startup_stm32f446xx.o(STACK) for __initial_sp
    startup_stm32f446xx.o(RESET) refers to startup_stm32f446xx.o(.text) for Reset_Handler
    startup_stm32f446xx.o(RESET) refers to stm32f4xx_it.o(i.NMI_Handler) for NMI_Handler
    startup_stm32f446xx.o(RESET) refers to stm32f4xx_it.o(i.HardFault_Handler) for HardFault_Handler
    startup_stm32f446xx.o(RESET) refers to stm32f4xx_it.o(i.MemManage_Handler) for MemManage_Handler
    startup_stm32f446xx.o(RESET) refers to stm32f4xx_it.o(i.BusFault_Handler) for BusFault_Handler
    startup_stm32f446xx.o(RESET) refers to stm32f4xx_it.o(i.UsageFault_Handler) for UsageFault_Handler
    startup_stm32f446xx.o(RESET) refers to port.o(.emb_text) for SVC_Handler
    startup_stm32f446xx.o(RESET) refers to stm32f4xx_it.o(i.DebugMon_Handler) for DebugMon_Handler
    startup_stm32f446xx.o(RESET) refers to port.o(i.SysTick_Handler) for SysTick_Handler
    startup_stm32f446xx.o(RESET) refers to stm32f4xx_it.o(i.TIM2_IRQHandler) for TIM2_IRQHandler
    startup_stm32f446xx.o(.text) refers (Special) to heapauxi.o(.text) for __use_two_region_memory
    startup_stm32f446xx.o(.text) refers to system_stm32f4xx.o(i.SystemInit) for SystemInit
    startup_stm32f446xx.o(.text) refers to __main.o(!!!main) for __main
    startup_stm32f446xx.o(.text) refers to startup_stm32f446xx.o(HEAP) for Heap_Mem
    startup_stm32f446xx.o(.text) refers to startup_stm32f446xx.o(STACK) for Stack_Mem
    pm25sensor.o(i.HAL_UART_RxCpltCallback) refers to main.o(i.Error_Handler) for Error_Handler
    pm25sensor.o(i.HAL_UART_RxCpltCallback) refers to stm32f4xx_hal_uart.o(i.HAL_UART_Receive_IT) for HAL_UART_Receive_IT
    pm25sensor.o(i.HAL_UART_RxCpltCallback) refers to pm25sensor.o(.bss) for .bss
    pm25sensor.o(i.HAL_UART_RxCpltCallback) refers to main.o(.bss) for huart1
    pm25sensor.o(i.HAL_UART_RxCpltCallback) refers to pm25sensor.o(.data) for .data
    pm25sensor.o(i.PM25_Init) refers to stm32f4xx_hal_uart.o(i.HAL_UART_Receive_IT) for HAL_UART_Receive_IT
    pm25sensor.o(i.PM25_Init) refers to pm25sensor.o(.bss) for .bss
    pm25sensor.o(i.PM25_Init) refers to main.o(.bss) for huart1
    pm25sensor.o(i.PM25_Task) refers to pm25sensor.o(i.PM25_Init) for PM25_Init
    pm25sensor.o(i.PM25_Task) refers to cmsis_os.o(i.osDelay) for osDelay
    display1.o(i.Display_Task) refers to _printf_pad.o(.text) for _printf_pre_padding
    display1.o(i.Display_Task) refers to _printf_percent.o(.ARM.Collect$$_printf_percent$$00000000) for _printf_percent
    display1.o(i.Display_Task) refers to _printf_d.o(.ARM.Collect$$_printf_percent$$00000009) for _printf_d
    display1.o(i.Display_Task) refers to _printf_u.o(.ARM.Collect$$_printf_percent$$0000000A) for _printf_u
    display1.o(i.Display_Task) refers to _printf_dec.o(.text) for _printf_int_dec
    display1.o(i.Display_Task) refers to i2c-lcd.o(i.lcd_init) for lcd_init
    display1.o(i.Display_Task) refers to i2c-lcd.o(i.lcd_clear) for lcd_clear
    display1.o(i.Display_Task) refers to i2c-lcd.o(i.lcd_put_cur) for lcd_put_cur
    display1.o(i.Display_Task) refers to i2c-lcd.o(i.lcd_send_string) for lcd_send_string
    display1.o(i.Display_Task) refers to main.o(i.Error_Handler) for Error_Handler
    display1.o(i.Display_Task) refers to noretval__2snprintf.o(.text) for __2snprintf
    display1.o(i.Display_Task) refers to led_control.o(i.update_led_status) for update_led_status
    display1.o(i.Display_Task) refers to cmsis_os.o(i.osDelay) for osDelay
    display1.o(i.Display_Task) refers to pm25sensor.o(.data) for pm2_5_value
    display1.o(i.Display_Task) refers to mq135_sensor.o(.data) for mq135_value
    display1.o(i.Display_Task) refers to display1.o(.bss) for .bss
    led_control.o(i.update_led_status) refers to stm32f4xx_hal_gpio.o(i.HAL_GPIO_WritePin) for HAL_GPIO_WritePin
    led_control.o(i.update_led_status) refers to pm25sensor.o(.data) for pm2_5_value
    led_control.o(i.update_led_status) refers to mq135_sensor.o(.data) for mq135_value
    mq135_sensor.o(i.MQ135_Task) refers to stm32f4xx_hal_adc.o(i.HAL_ADC_Start) for HAL_ADC_Start
    mq135_sensor.o(i.MQ135_Task) refers to stm32f4xx_hal_adc.o(i.HAL_ADC_PollForConversion) for HAL_ADC_PollForConversion
    mq135_sensor.o(i.MQ135_Task) refers to stm32f4xx_hal_adc.o(i.HAL_ADC_GetValue) for HAL_ADC_GetValue
    mq135_sensor.o(i.MQ135_Task) refers to main.o(i.Error_Handler) for Error_Handler
    mq135_sensor.o(i.MQ135_Task) refers to stm32f4xx_hal_adc.o(i.HAL_ADC_Stop) for HAL_ADC_Stop
[...]
    ../clib/memcpset.s                       0x00000000   Number         0  rt_memcpy_v6.o ABSOLUTE
    ../clib/memcpset.s                       0x00000000   Number         0  rt_memcpy_w.o ABSOLUTE
    ../clib/memcpset.s                       0x00000000   Number         0  rt_memclr.o ABSOLUTE
    ../clib/memcpset.s                       0x00000000   Number         0  memset.o ABSOLUTE
    ../clib/memcpset.s                       0x00000000   Number         0  rt_memclr_w.o ABSOLUTE
    ../clib/misc.s                           0x00000000   Number         0  printf_stubs.o ABSOLUTE
    ../clib/printf.c                         0x00000000   Number         0  __printf_ss_wp.o ABSOLUTE
    ../clib/printf.c                         0x00000000   Number         0  __printf_flags_ss_wp.o ABSOLUTE
    ../clib/printf.c                         0x00000000   Number         0  _printf_pad.o ABSOLUTE
    ../clib/printf.c                         0x00000000   Number         0  __printf.o ABSOLUTE
    ../clib/printf.c                         0x00000000   Number         0  noretval__2snprintf.o ABSOLUTE
    ../clib/printf.c                         0x00000000   Number         0  __2snprintf.o ABSOLUTE
    ../clib/printf.c                         0x00000000   Number         0  __printf_flags_wp.o ABSOLUTE
    ../clib/printf.c                         0x00000000   Number         0  _printf_intcommon.o ABSOLUTE
    ../clib/printf.c                         0x00000000   Number         0  _snputc.o ABSOLUTE
    ../clib/printf.c                         0x00000000   Number         0  _printf_dec.o ABSOLUTE
    ../clib/printf.c                         0x00000000   Number         0  __printf_wp.o ABSOLUTE
    ../clib/printf.c                         0x00000000   Number         0  _printf_char_common.o ABSOLUTE
    ../clib/printf.c                         0x00000000   Number         0  _sputc.o ABSOLUTE
    ../clib/printf.c                         0x00000000   Number         0  __printf_ss.o ABSOLUTE
    ../clib/printf.c                         0x00000000   Number         0  __printf_nopercent.o ABSOLUTE
    ../clib/printf.c                         0x00000000   Number         0  __printf_flags_ss.o ABSOLUTE
    ../clib/printf.c                         0x00000000   Number         0  __printf_flags.o ABSOLUTE
    ../clib/printf_percent.s                 0x00000000   Number         0  _printf_d.o ABSOLUTE
    ../clib/printf_percent.s                 0x00000000   Number         0  _printf_u.o ABSOLUTE
    ../clib/printf_percent.s                 0x00000000   Number         0  _printf_percent.o ABSOLUTE
    ../clib/printf_percent.s                 0x00000000   Number         0  _printf_percent_end.o ABSOLUTE
    ../clib/signal.c                         0x00000000   Number         0  defsig_fpe_formal.o ABSOLUTE
    ../clib/signal.c                         0x00000000   Number         0  defsig_abrt_inner.o ABSOLUTE
    ../clib/signal.c                         0x00000000   Number         0  defsig_rtmem_outer.o ABSOLUTE
    ../clib/signal.c                         0x00000000   Number         0  defsig_fpe_outer.o ABSOLUTE
    ../clib/signal.c                         0x00000000   Number         0  __raise.o ABSOLUTE
    ../clib/signal.c                         0x00000000   Number         0  defsig_rtmem_formal.o ABSOLUTE
    ../clib/signal.c                         0x00000000   Number         0  defsig_exit.o ABSOLUTE
    ../clib/signal.c                         0x00000000   Number         0  defsig_rtred_inner.o ABSOLUTE
    ../clib/signal.c                         0x00000000   Number         0  defsig_stak_inner.o ABSOLUTE
    ../clib/signal.c                         0x00000000   Number         0  defsig_rtmem_inner.o ABSOLUTE
    ../clib/signal.c                         0x00000000   Number         0  defsig_other.o ABSOLUTE
    ../clib/signal.c                         0x00000000   Number         0  defsig_pvfn_inner.o ABSOLUTE
    ../clib/signal.c                         0x00000000   Number         0  defsig_cppl_inner.o ABSOLUTE
    ../clib/signal.c                         0x00000000   Number         0  defsig_segv_inner.o ABSOLUTE
    ../clib/signal.c                         0x00000000   Number         0  defsig_general.o ABSOLUTE
    ../clib/signal.c                         0x00000000   Number         0  defsig_fpe_inner.o ABSOLUTE
    ../clib/signal.s                         0x00000000   Number         0  defsig.o ABSOLUTE
    ../clib/stdlib.c                         0x00000000   Number         0  exit.o ABSOLUTE
    ../fplib/fpinit.s                        0x00000000   Number         0  fpinit.o ABSOLUTE
    ..\Core\Src\display1.c                   0x00000000   Number         0  display1.o ABSOLUTE
    ..\Core\Src\freertos.c                   0x00000000   Number         0  freertos.o ABSOLUTE
    ..\Core\Src\led_control.c                0x00000000   Number         0  led_control.o ABSOLUTE
    ..\Core\Src\main.c                       0x00000000   Number         0  main.o ABSOLUTE
    ..\Core\Src\mq135_sensor.c               0x00000000   Number         0  mq135_sensor.o ABSOLUTE
    ..\Core\Src\pm25sensor.c                 0x00000000   Number         0  pm25sensor.o ABSOLUTE
    ..\Core\Src\stm32f4xx_hal_msp.c          0x00000000   Number         0  stm32f4xx_hal_msp.o ABSOLUTE
    ..\Core\Src\stm32f4xx_hal_timebase_tim.c 0x00000000   Number         0  stm32f4xx_hal_timebase_tim.o ABSOLUTE
    ..\Core\Src\stm32f4xx_it.c               0x00000000   Number         0  stm32f4xx_it.o ABSOLUTE
    ..\Core\Src\system_stm32f4xx.c           0x00000000   Number         0  system_stm32f4xx.o ABSOLUTE
    ..\Drivers\STM32F4xx_HAL_Driver\Src\stm32f4xx_hal.c 0x00000000   Number         0  stm32f4xx_hal.o ABSOLUTE
    ..\Drivers\STM32F4xx_HAL_Driver\Src\stm32f4xx_hal_adc.c 0x00000000   Number         0  stm32f4xx_hal_adc.o ABSOLUTE
    ..\Drivers\STM32F4xx_HAL_Driver\Src\stm32f4xx_hal_adc_ex.c 0x00000000   Number         0  stm32f4xx_hal_adc_ex.o ABSOLUTE
    ..\Drivers\STM32F4xx_HAL_Driver\Src\stm32f4xx_hal_cortex.c 0x00000000   Number         0  stm32f4xx_hal_cortex.o ABSOLUTE
    ..\Drivers\STM32F4xx_HAL_Driver\Src\stm32f4xx_hal_dma.c 0x00000000   Number         0  stm32f4xx_hal_dma.o ABSOLUTE
    ..\Drivers\STM32F4xx_HAL_Driver\Src\stm32f4xx_hal_dma_ex.c 0x00000000   Number         0  stm32f4xx_hal_dma_ex.o ABSOLUTE
    ..\Drivers\STM32F4xx_HAL_Driver\Src\stm32f4xx_hal_exti.c 0x00000000   Number         0  stm32f4xx_hal_exti.o ABSOLUTE
    ..\Drivers\STM32F4xx_HAL_Driver\Src\stm32f4xx_hal_flash.c 0x00000000   Number         0  stm32f4xx_hal_flash.o ABSOLUTE
    ..\Drivers\STM32F4xx_HAL_Driver\Src\stm32f4xx_hal_flash_ex.c 0x00000000   Number         0  stm32f4xx_hal_flash_ex.o ABSOLUTE
    ..\Drivers\STM32F4xx_HAL_Driver\Src\stm32f4xx_hal_flash_ramfunc.c 0x00000000   Number         0  stm32f4xx_hal_flash_ramfunc.o ABSOLUTE
    ..\Drivers\STM32F4xx_HAL_Driver\Src\stm32f4xx_hal_gpio.c 0x00000000   Number         0  stm32f4xx_hal_gpio.o ABSOLUTE
    ..\Drivers\STM32F4xx_HAL_Driver\Src\stm32f4xx_hal_i2c.c 0x00000000   Number         0  stm32f4xx_hal_i2c.o ABSOLUTE
    ..\Drivers\STM32F4xx_HAL_Driver\Src\stm32f4xx_hal_i2c_ex.c 0x00000000   Number         0  stm32f4xx_hal_i2c_ex.o ABSOLUTE
    ..\Drivers\STM32F4xx_HAL_Driver\Src\stm32f4xx_hal_iwdg.c 0x00000000   Number         0  stm32f4xx_hal_iwdg.o ABSOLUTE
    ..\Drivers\STM32F4xx_HAL_Driver\Src\stm32f4xx_hal_pwr.c 0x00000000   Number         0  stm32f4xx_hal_pwr.o ABSOLUTE
    ..\Drivers\STM32F4xx_HAL_Driver\Src\stm32f4xx_hal_pwr_ex.c 0x00000000   Number         0  stm32f4xx_hal_pwr_ex.o ABSOLUTE
    ..\Drivers\STM32F4xx_HAL_Driver\Src\stm32f4xx_hal_rcc.c 0x00000000   Number         0  stm32f4xx_hal_rcc.o ABSOLUTE
    ..\Drivers\STM32F4xx_HAL_Driver\Src\stm32f4xx_hal_rcc_ex.c 0x00000000   Number         0  stm32f4xx_hal_rcc_ex.o ABSOLUTE
    ..\Drivers\STM32F4xx_HAL_Driver\Src\stm32f4xx_hal_tim.c 0x00000000   Number         0  stm32f4xx_hal_tim.o ABSOLUTE
    ..\Drivers\STM32F4xx_HAL_Driver\Src\stm32f4xx_hal_tim_ex.c 0x00000000   Number         0  stm32f4xx_hal_tim_ex.o ABSOLUTE
    ..\Drivers\STM32F4xx_HAL_Driver\Src\stm32f4xx_hal_uart.c 0x00000000   Number         0  stm32f4xx_hal_uart.o ABSOLUTE
    ..\Middlewares\Third_Party\FreeRTOS\Source\CMSIS_RTOS\cmsis_os.c 0x00000000   Number         0  cmsis_os.o ABSOLUTE
    ..\Middlewares\Third_Party\FreeRTOS\Source\portable\RVDS\ARM_CM4F\port.c 0x00000000   Number         0  port.o ABSOLUTE
    ..\\Core\\Src\\display1.c                0x00000000   Number         0  display1.o ABSOLUTE
    ..\\Core\\Src\\led_control.c             0x00000000   Number         0  led_control.o ABSOLUTE
    ..\\Core\\Src\\mq135_sensor.c            0x00000000   Number         0  mq135_sensor.o ABSOLUTE
    ..\\Core\\Src\\pm25sensor.c              0x00000000   Number         0  pm25sensor.o ABSOLUTE
    ..\\Middlewares\\Third_Party\\FreeRTOS\\Source\\portable\\RVDS\\ARM_CM4F\\port.c 0x00000000   Number         0  port.o ABSOLUTE
    ..\\lcd i2c\\lcd i2c\\i2c-lcd.c          0x00000000   Number         0  i2c-lcd.o ABSOLUTE
    ..\lcd i2c\lcd i2c\i2c-lcd.c             0x00000000   Number         0  i2c-lcd.o ABSOLUTE
    dc.s                                     0x00000000   Number         0  dc.o ABSOLUTE
    startup_stm32f446xx.s                    0x00000000   Number         0  startup_stm32f446xx.o ABSOLUTE
    RESET                                    0x08000000   Section      452  startup_stm32f446xx.o(RESET)
    !!!main                                  0x080001c4   Section        8  __main.o(!!!main)
    !!!scatter                               0x080001cc   Section       52  __scatter.o(!!!scatter)
    !!handler_copy                           0x08000200   Section       26  __scatter_copy.o(!!handler_copy)
    !!handler_zi                             0x0800021c   Section       28  __scatter_zi.o(!!handler_zi)
    .ARM.Collect$$libinit$$00000000          0x08000238   Section        2  libinit.o(.ARM.Collect$$libinit$$00000000)
    .ARM.Collect$$libinit$$00000001          0x0800023a   Section        4  libinit2.o(.ARM.Collect$$libinit$$00000001)
    .ARM.Collect$$libinit$$00000004          0x0800023e   Section        0  libinit2.o(.ARM.Collect$$libinit$$00000004)
    .ARM.Collect$$libinit$$0000000A          0x0800023e   Section        0  libinit2.o(.ARM.Collect$$libinit$$0000000A)
    .ARM.Collect$$libinit$$0000000C          0x0800023e   Section        0  libinit2.o(.ARM.Collect$$libinit$$0000000C)
    .ARM.Collect$$libinit$$0000000E          0x0800023e   Section        0  libinit2.o(.ARM.Collect$$libinit$$0000000E)
    .ARM.Collect$$libinit$$00000011          0x0800023e   Section        0  libinit2.o(.ARM.Collect$$libinit$$00000011)
    .ARM.Collect$$libinit$$00000013          0x0800023e   Section        0  libinit2.o(.ARM.Collect$$libinit$$00000013)
    .ARM.Collect$$libinit$$00000015          0x0800023e   Section        0  libinit2.o(.ARM.Collect$$libinit$$00000015)
    .ARM.Collect$$libinit$$00000017          0x0800023e   Section        0  libinit2.o(.ARM.Collect$$libinit$$00000017)
    .ARM.Collect$$libinit$$00000019          0x0800023e   Section        0  libinit2.o(.ARM.Collect$$libinit$$00000019)
    .ARM.Collect$$libinit$$0000001B          0x0800023e   Section        0  libinit2.o(.ARM.Collect$$libinit$$0000001B)
    .ARM.Collect$$libinit$$0000001D          0x0800023e   Section        0  libinit2.o(.ARM.Collect$$libinit$$0000001D)
    .ARM.Collect$$libinit$$0000001F          0x0800023e   Section        0  libinit2.o(.ARM.Collect$$libinit$$0000001F)
    .ARM.Collect$$libinit$$00000021          0x0800023e   Section        0  libinit2.o(.ARM.Collect$$libinit$$00000021)
    .ARM.Collect$$libinit$$00000023          0x0800023e   Section        0  libinit2.o(.ARM.Collect$$libinit$$00000023)
    .ARM.Collect$$libinit$$00000025          0x0800023e   Section        0  libinit2.o(.ARM.Collect$$libinit$$00000025)
    .ARM.Collect$$libinit$$0000002C          0x0800023e   Section        0  libinit2.o(.ARM.Collect$$libinit$$0000002C)
    .ARM.Collect$$libinit$$0000002E          0x0800023e   Section        0  libinit2.o(.ARM.Collect$$libinit$$0000002E)
    .ARM.Collect$$libinit$$00000030          0x0800023e   Section        0  libinit2.o(.ARM.Collect$$libinit$$00000030)
    .ARM.Collect$$libinit$$00000032          0x0800023e   Section        0  libinit2.o(.ARM.Collect$$libinit$$00000032)
    .ARM.Collect$$libinit$$00000033          0x0800023e   Section        2  libinit2.o(.ARM.Collect$$libinit$$00000033)
    .ARM.Collect$$libshutdown$$00000000      0x08000240   Section        2  libshutdown.o(.ARM.Collect$$libshutdown$$00000000)
    .ARM.Collect$$libshutdown$$00000002      0x08000242   Section        0  libshutdown2.o(.ARM.Collect$$libshutdown$$00000002)
    .ARM.Collect$$libshutdown$$00000004      0x08000242   Section        0  libshutdown2.o(.ARM.Collect$$libshutdown$$00000004)
    .ARM.Collect$$libshutdown$$00000006      0x08000242   Section        0  libshutdown2.o(.ARM.Collect$$libshutdown$$00000006)
    .ARM.Collect$$libshutdown$$00000009      0x08000242   Section        0  libshutdown2.o(.ARM.Collect$$libshutdown$$00000009)
    .ARM.Collect$$libshutdown$$0000000C      0x08000242   Section        0  libshutdown2.o(.ARM.Collect$$libshutdown$$0000000C)
    .ARM.Collect$$libshutdown$$0000000E      0x08000242   Section        0  libshutdown2.o(.ARM.Collect$$libshutdown$$0000000E)
    .ARM.Collect$$libshutdown$$00000011      0x08000242   Section        0  libshutdown2.o(.ARM.Collect$$libshutdown$$00000011)
    .ARM.Collect$$libshutdown$$00000012      0x08000242   Section        2  libshutdown2.o(.ARM.Collect$$libshutdown$$00000012)
    .ARM.Collect$$rtentry$$00000000          0x08000244   Section        0  __rtentry.o(.ARM.Collect$$rtentry$$00000000)
    .ARM.Collect$$rtentry$$00000002          0x08000244   Section        0  __rtentry2.o(.ARM.Collect$$rtentry$$00000002)
    .ARM.Collect$$rtentry$$00000004          0x08000244   Section        6  __rtentry4.o(.ARM.Collect$$rtentry$$00000004)
    .ARM.Collect$$rtentry$$00000009          0x0800024a   Section        0  __rtentry2.o(.ARM.Collect$$rtentry$$00000009)
    .ARM.Collect$$rtentry$$0000000A          0x0800024a   Section        4  __rtentry2.o(.ARM.Collect$$rtentry$$0000000A)
    .ARM.Collect$$rtentry$$0000000C          0x0800024e   Section        0  __rtentry2.o(.ARM.Collect$$rtentry$$0000000C)
    .ARM.Collect$$rtentry$$0000000D          0x0800024e   Section        8  __rtentry2.o(.ARM.Collect$$rtentry$$0000000D)
    .ARM.Collect$$rtexit$$00000000           0x08000256   Section        2  rtexit.o(.ARM.Collect$$rtexit$$00000000)
    .ARM.Collect$$rtexit$$00000002           0x08000258   Section        0  rtexit2.o(.ARM.Collect$$rtexit$$00000002)
    .ARM.Collect$$rtexit$$00000003           0x08000258   Section        4  rtexit2.o(.ARM.Collect$$rtexit$$00000003)
    .ARM.Collect$$rtexit$$00000004           0x0800025c   Section        6  rtexit2.o(.ARM.Collect$$rtexit$$00000004)
    .emb_text                                0x08000264   Section      190  port.o(.emb_text)
    $v0                                      0x08000264   Number         0  port.o(.emb_text)
    .text                                    0x08000324   Section       64  startup_stm32f446xx.o(.text)
    $v0                                      0x08000324   Number         0  startup_stm32f446xx.o(.text)
    .text                                    0x08000364   Section      238  lludivv7m.o(.text)
    .text                                    0x08000452   Section      100  rt_memcpy_w.o(.text)
    .text                                    0x080004b6   Section       78  rt_memclr_w.o(.text)
    .text                                    0x08000504   Section        0  heapauxi.o(.text)
    .text                                    0x0800050a   Section       74  sys_stackheap_outer.o(.text)
    .text                                    0x08000554   Section        0  exit.o(.text)
    .text                                    0x08000568   Section        8  libspace.o(.text)
    .text                                    0x08000570   Section        0  sys_exit.o(.text)
    .text                                    0x0800057c   Section        2  use_no_semi.o(.text)
    .text                                    0x0800057e   Section        0  indicate_semi.o(.text)
    i.ADC_Init                               0x08000580   Section        0  stm32f4xx_hal_adc.o(i.ADC_Init)
    ADC_Init                                 0x08000581   Thumb Code   284  stm32f4xx_hal_adc.o(i.ADC_Init)
    i.BusFault_Handler                       0x080006a8   Section        0  stm32f4xx_it.o(i.BusFault_Handler)
    i.DebugMon_Handler                       0x080006aa   Section        0  stm32f4xx_it.o(i.DebugMon_Handler)
    i.Error_Handler                          0x080006ac   Section        0  main.o(i.Error_Handler)
    i.HAL_ADC_ConfigChannel                  0x080006cc   Section        0  stm32f4xx_hal_adc.o(i.HAL_ADC_ConfigChannel)
    i.HAL_ADC_Init                           0x08000830   Section        0  stm32f4xx_hal_adc.o(i.HAL_ADC_Init)
    i.HAL_ADC_MspInit                        0x08000884   Section        0  stm32f4xx_hal_msp.o(i.HAL_ADC_MspInit)
    i.HAL_Delay                              0x080008e4   Section        0  stm32f4xx_hal.o(i.HAL_Delay)
    i.HAL_GPIO_Init                          0x08000944   Section        0  stm32f4xx_hal_gpio.o(i.HAL_GPIO_Init)
    i.HAL_GPIO_TogglePin                     0x08000b20   Section        0  stm32f4xx_hal_gpio.o(i.HAL_GPIO_TogglePin)
    i.HAL_GPIO_WritePin                      0x08000b30   Section        0  stm32f4xx_hal_gpio.o(i.HAL_GPIO_WritePin)
    i.HAL_GetTick                            0x08000b3c   Section        0  stm32f4xx_hal.o(i.HAL_GetTick)
    i.HAL_I2C_Init                           0x08000b48   Section        0  stm32f4xx_hal_i2c.o(i.HAL_I2C_Init)
    i.HAL_I2C_MspInit                        0x08000cd0   Section        0  stm32f4xx_hal_msp.o(i.HAL_I2C_MspInit)
    i.HAL_IWDG_Init                          0x08000d38   Section        0  stm32f4xx_hal_iwdg.o(i.HAL_IWDG_Init)
    i.HAL_IncTick                            0x08000d94   Section        0  stm32f4xx_hal.o(i.HAL_IncTick)
    i.HAL_Init                               0x08000da4   Section        0  stm32f4xx_hal.o(i.HAL_Init)
    i.HAL_InitTick                           0x08000dd8   Section        0  stm32f4xx_hal_timebase_tim.o(i.HAL_InitTick)
    i.HAL_MspInit                            0x08000e70   Section        0  stm32f4xx_hal_msp.o(i.HAL_MspInit)
    i.HAL_NVIC_EnableIRQ                     0x08000ea8   Section        0  stm32f4xx_hal_cortex.o(i.HAL_NVIC_EnableIRQ)
    i.HAL_NVIC_SetPriority                   0x08000ec4   Section        0  stm32f4xx_hal_cortex.o(i.HAL_NVIC_SetPriority)
    i.HAL_NVIC_SetPriorityGrouping           0x08000f04   Section        0  stm32f4xx_hal_cortex.o(i.HAL_NVIC_SetPriorityGrouping)
    i.HAL_RCC_ClockConfig                    0x08000f28   Section        0  stm32f4xx_hal_rcc.o(i.HAL_RCC_ClockConfig)
    i.HAL_RCC_GetClockConfig                 0x0800105c   Section        0  stm32f4xx_hal_rcc.o(i.HAL_RCC_GetClockConfig)
    i.HAL_RCC_GetPCLK1Freq                   0x0800109c   Section        0  stm32f4xx_hal_rcc.o(i.HAL_RCC_GetPCLK1Freq)
    i.HAL_RCC_GetPCLK2Freq                   0x080010bc   Section        0  stm32f4xx_hal_rcc.o(i.HAL_RCC_GetPCLK2Freq)
    i.HAL_RCC_GetSysClockFreq                0x080010dc   Section        0  stm32f4xx_hal_rcc_ex.o(i.HAL_RCC_GetSysClockFreq)
    i.HAL_RCC_OscConfig                      0x08001170   Section        0  stm32f4xx_hal_rcc_ex.o(i.HAL_RCC_OscConfig)
    i.HAL_TIMEx_BreakCallback                0x080014d4   Section        0  stm32f4xx_hal_tim_ex.o(i.HAL_TIMEx_BreakCallback)
    i.HAL_TIMEx_CommutCallback               0x080014d6   Section        0  stm32f4xx_hal_tim_ex.o(i.HAL_TIMEx_CommutCallback)
    i.HAL_TIMEx_MasterConfigSynchronization  0x080014d8   Section        0  stm32f4xx_hal_tim_ex.o(i.HAL_TIMEx_MasterConfigSynchronization)
    i.HAL_TIM_Base_Init                      0x08001568   Section        0  stm32f4xx_hal_tim.o(i.HAL_TIM_Base_Init)
    i.HAL_TIM_Base_MspInit                   0x080015c4   Section        0  stm32f4xx_hal_msp.o(i.HAL_TIM_Base_MspInit)
    i.HAL_TIM_Base_Start_IT                  0x080015ec   Section        0  stm32f4xx_hal_tim.o(i.HAL_TIM_Base_Start_IT)
    i.HAL_TIM_ConfigClockSource              0x0800166c   Section        0  stm32f4xx_hal_tim.o(i.HAL_TIM_ConfigClockSource)
    i.HAL_TIM_IC_CaptureCallback             0x08001748   Section        0  stm32f4xx_hal_tim.o(i.HAL_TIM_IC_CaptureCallback)
    i.HAL_TIM_IRQHandler                     0x0800174a   Section        0  stm32f4xx_hal_tim.o(i.HAL_TIM_IRQHandler)
    i.HAL_TIM_OC_DelayElapsedCallback        0x0800187a   Section        0  stm32f4xx_hal_tim.o(i.HAL_TIM_OC_DelayElapsedCallback)
    i.HAL_TIM_PWM_PulseFinishedCallback      0x0800187c   Section        0  stm32f4xx_hal_tim.o(i.HAL_TIM_PWM_PulseFinishedCallback)
    i.HAL_TIM_PeriodElapsedCallback          0x0800187e   Section        0  main.o(i.HAL_TIM_PeriodElapsedCallback)
    i.HAL_TIM_TriggerCallback                0x0800188c   Section        0  stm32f4xx_hal_tim.o(i.HAL_TIM_TriggerCallback)
    i.HAL_UART_Init                          0x0800188e   Section        0  stm32f4xx_hal_uart.o(i.HAL_UART_Init)
    i.HAL_UART_MspInit                       0x080018f4   Section        0  stm32f4xx_hal_msp.o(i.HAL_UART_MspInit)
    i.HardFault_Handler                      0x08001960   Section        0  stm32f4xx_it.o(i.HardFault_Handler)
    i.MX_ADC1_Init                           0x08001964   Section        0  main.o(i.MX_ADC1_Init)
    MX_ADC1_Init                             0x08001965   Thumb Code    78  main.o(i.MX_ADC1_Init)
    i.MX_GPIO_Init                           0x080019c0   Section        0  main.o(i.MX_GPIO_Init)
    MX_GPIO_Init                             0x080019c1   Thumb Code   174  main.o(i.MX_GPIO_Init)
    i.MX_I2C1_Init                           0x08001a7c   Section        0  main.o(i.MX_I2C1_Init)
    MX_I2C1_Init                             0x08001a7d   Thumb Code    46  main.o(i.MX_I2C1_Init)
    i.MX_TIM1_Init                           0x08001ab8   Section        0  main.o(i.MX_TIM1_Init)
    MX_TIM1_Init                             0x08001ab9   Thumb Code    88  main.o(i.MX_TIM1_Init)
    i.MemManage_Handler                      0x08001b18   Section        0  stm32f4xx_it.o(i.MemManage_Handler)
    i.NMI_Handler                            0x08001b1a   Section        0  stm32f4xx_it.o(i.NMI_Handler)
    i.StartDefaultTask                       0x08001b1c   Section        0  main.o(i.StartDefaultTask)
    i.StartTask02                            0x08001b24   Section        0  main.o(i.StartTask02)
    i.StartTask03                            0x08001b2c   Section        0  main.o(i.StartTask03)
    i.StartTask04                            0x08001b34   Section        0  main.o(i.StartTask04)
    i.SysTick_Handler                        0x08001b3c   Section        0  port.o(i.SysTick_Handler)
    i.SystemClock_Config                     0x08001b68   Section        0  main.o(i.SystemClock_Config)
    i.SystemInit                             0x08001be8   Section        0  system_stm32f4xx.o(i.SystemInit)
    i.TIM2_IRQHandler                        0x08001bf8   Section        0  stm32f4xx_it.o(i.TIM2_IRQHandler)
    i.TIM_Base_SetConfig                     0x08001c04   Section        0  stm32f4xx_hal_tim.o(i.TIM_Base_SetConfig)
    i.TIM_ETR_SetConfig                      0x08001cdc   Section        0  stm32f4xx_hal_tim.o(i.TIM_ETR_SetConfig)
    i.TIM_ITRx_SetConfig                     0x08001cf0   Section        0  stm32f4xx_hal_tim.o(i.TIM_ITRx_SetConfig)
    TIM_ITRx_SetConfig                       0x08001cf1   Thumb Code    16  stm32f4xx_hal_tim.o(i.TIM_ITRx_SetConfig)
    i.TIM_TI1_ConfigInputStage               0x08001d00   Section        0  stm32f4xx_hal_tim.o(i.TIM_TI1_ConfigInputStage)
    TIM_TI1_ConfigInputStage                 0x08001d01   Thumb Code    34  stm32f4xx_hal_tim.o(i.TIM_TI1_ConfigInputStage)
    i.TIM_TI2_ConfigInputStage               0x08001d22   Section        0  stm32f4xx_hal_tim.o(i.TIM_TI2_ConfigInputStage)
    TIM_TI2_ConfigInputStage                 0x08001d23   Thumb Code    36  stm32f4xx_hal_tim.o(i.TIM_TI2_ConfigInputStage)
    i.UART_SetConfig                         0x08001d48   Section        0  stm32f4xx_hal_uart.o(i.UART_SetConfig)
    UART_SetConfig                           0x08001d49   Thumb Code   258  stm32f4xx_hal_uart.o(i.UART_SetConfig)
    i.UsageFault_Handler                     0x08001e54   Section        0  stm32f4xx_it.o(i.UsageFault_Handler)
    i.__NVIC_SetPriority                     0x08001e56   Section        0  stm32f4xx_hal_cortex.o(i.__NVIC_SetPriority)
    __NVIC_SetPriority                       0x08001e57   Thumb Code    32  stm32f4xx_hal_cortex.o(i.__NVIC_SetPriority)
    i.main                                   0x08001e78   Section        0  main.o(i.main)
    i.makeFreeRtosPriority                   0x08001f44   Section        0  cmsis_os.o(i.makeFreeRtosPriority)
    makeFreeRtosPriority                     0x08001f45   Thumb Code    12  cmsis_os.o(i.makeFreeRtosPriority)
    i.osDelay                                0x08001f50   Section        0  cmsis_os.o(i.osDelay)
    i.osKernelStart                          0x08001f5e   Section        0  cmsis_os.o(i.osKernelStart)
    i.osThreadCreate                         0x08001f68   Section        0  cmsis_os.o(i.osThreadCreate)
    i.prvAddCurrentTaskToDelayedList         0x08001fbc   Section        0  tasks.o(i.prvAddCurrentTaskToDelayedList)
    prvAddCurrentTaskToDelayedList           0x08001fbd   Thumb Code   102  tasks.o(i.prvAddCurrentTaskToDelayedList)
    i.prvAddNewTaskToReadyList               0x0800202c   Section        0  tasks.o(i.prvAddNewTaskToReadyList)
    prvAddNewTaskToReadyList                 0x0800202d   Thumb Code   194  tasks.o(i.prvAddNewTaskToReadyList)
    i.prvDeleteTCB                           0x080020fc   Section        0  tasks.o(i.prvDeleteTCB)
    prvDeleteTCB                             0x080020fd   Thumb Code    52  tasks.o(i.prvDeleteTCB)
    i.prvHeapInit                            0x08002130   Section        0  heap_4.o(i.prvHeapInit)
    prvHeapInit                              0x08002131   Thumb Code    66  heap_4.o(i.prvHeapInit)
    i.prvIdleTask                            0x0800217c   Section        0  tasks.o(i.prvIdleTask)
    prvIdleTask                              0x0800217d   Thumb Code    82  tasks.o(i.prvIdleTask)
    i.prvInitialiseNewTask                   0x080021dc   Section        0  tasks.o(i.prvInitialiseNewTask)
    prvInitialiseNewTask                     0x080021dd   Thumb Code   152  tasks.o(i.prvInitialiseNewTask)
    i.prvInsertBlockIntoFreeList             0x08002274   Section        0  heap_4.o(i.prvInsertBlockIntoFreeList)
    prvInsertBlockIntoFreeList               0x08002275   Thumb Code    72  heap_4.o(i.prvInsertBlockIntoFreeList)
    i.prvResetNextTaskUnblockTime            0x080022c0   Section        0  tasks.o(i.prvResetNextTaskUnblockTime)
    prvResetNextTaskUnblockTime              0x080022c1   Thumb Code    26  tasks.o(i.prvResetNextTaskUnblockTime)
    i.prvTaskExitError                       0x080022e0   Section        0  port.o(i.prvTaskExitError)
    prvTaskExitError                         0x080022e1   Thumb Code    36  port.o(i.prvTaskExitError)
    i.pvPortMalloc                           0x08002308   Section        0  heap_4.o(i.pvPortMalloc)
    i.pxPortInitialiseStack                  0x080023e4   Section        0  port.o(i.pxPortInitialiseStack)
    i.uxListRemove                           0x08002410   Section        0  list.o(i.uxListRemove)
    i.vApplicationGetIdleTaskMemory          0x08002438   Section        0  freertos.o(i.vApplicationGetIdleTaskMemory)
    i.vListInitialise                        0x0800244c   Section        0  list.o(i.vListInitialise)
    i.vListInitialiseItem                    0x08002462   Section        0  list.o(i.vListInitialiseItem)
    i.vListInsert                            0x08002468   Section        0  list.o(i.vListInsert)
    i.vListInsertEnd                         0x08002498   Section        0  list.o(i.vListInsertEnd)
    i.vPortEnterCritical                     0x080024b0   Section        0  port.o(i.vPortEnterCritical)
    i.vPortExitCritical                      0x080024f0   Section        0  port.o(i.vPortExitCritical)
    i.vPortFree                              0x08002518   Section        0  heap_4.o(i.vPortFree)
    i.vPortSetupTimerInterrupt               0x0800257c   Section        0  port.o(i.vPortSetupTimerInterrupt)
    i.vTaskDelay                             0x080025a0   Section        0  tasks.o(i.vTaskDelay)
    i.vTaskStartScheduler                    0x080025ec   Section        0  tasks.o(i.vTaskStartScheduler)
    i.vTaskSuspendAll                        0x08002658   Section        0  tasks.o(i.vTaskSuspendAll)
    i.vTaskSwitchContext                     0x08002668   Section        0  tasks.o(i.vTaskSwitchContext)
    i.xPortStartScheduler                    0x080026c4   Section        0  port.o(i.xPortStartScheduler)
    i.xTaskCreate                            0x080027b8   Section        0  tasks.o(i.xTaskCreate)
    i.xTaskCreateStatic                      0x08002812   Section        0  tasks.o(i.xTaskCreateStatic)
    i.xTaskIncrementTick                     0x08002868   Section        0  tasks.o(i.xTaskIncrementTick)
    i.xTaskResumeAll                         0x08002934   Section        0  tasks.o(i.xTaskResumeAll)
    x$fpl$fpinit                             0x080029f8   Section       10  fpinit.o(x$fpl$fpinit)
    $v0                                      0x080029f8   Number         0  fpinit.o(x$fpl$fpinit)
    .constdata                               0x08002a04   Section      112  main.o(.constdata)
    .constdata                               0x08002a74   Section       16  system_stm32f4xx.o(.constdata)
    .constdata                               0x08002a84   Section        8  system_stm32f4xx.o(.constdata)
    .conststring                             0x08002a8c   Section       48  main.o(.conststring)
    .data                                    0x20000000   Section       16  main.o(.data)
    .data                                    0x20000010   Section       12  stm32f4xx_hal.o(.data)
    .data                                    0x2000001c   Section        4  system_stm32f4xx.o(.data)
    .data                                    0x20000020   Section       60  tasks.o(.data)
    uxDeletedTasksWaitingCleanUp             0x20000024   Data           4  tasks.o(.data)
    uxCurrentNumberOfTasks                   0x20000028   Data           4  tasks.o(.data)
    xTickCount                               0x2000002c   Data           4  tasks.o(.data)
    uxTopReadyPriority                       0x20000030   Data           4  tasks.o(.data)
    xSchedulerRunning                        0x20000034   Data           4  tasks.o(.data)
    xPendedTicks                             0x20000038   Data           4  tasks.o(.data)
    xYieldPending                            0x2000003c   Data           4  tasks.o(.data)
    xNumOfOverflows                          0x20000040   Data           4  tasks.o(.data)
    uxTaskNumber                             0x20000044   Data           4  tasks.o(.data)
    xNextTaskUnblockTime                     0x20000048   Data           4  tasks.o(.data)
    xIdleTaskHandle                          0x2000004c   Data           4  tasks.o(.data)
    uxSchedulerSuspended                     0x20000050   Data           4  tasks.o(.data)
    pxDelayedTaskList                        0x20000054   Data           4  tasks.o(.data)
    pxOverflowDelayedTaskList                0x20000058   Data           4  tasks.o(.data)
    .data                                    0x2000005c   Section       32  heap_4.o(.data)
    pxEnd                                    0x2000005c   Data           4  heap_4.o(.data)
    xFreeBytesRemaining                      0x20000060   Data           4  heap_4.o(.data)
    xMinimumEverFreeBytesRemaining           0x20000064   Data           4  heap_4.o(.data)
    xNumberOfSuccessfulAllocations           0x20000068   Data           4  heap_4.o(.data)
    xNumberOfSuccessfulFrees                 0x2000006c   Data           4  heap_4.o(.data)
    xBlockAllocatedBit                       0x20000070   Data           4  heap_4.o(.data)
    xStart                                   0x20000074   Data           8  heap_4.o(.data)
    .data                                    0x2000007c   Section       12  port.o(.data)
    ucMaxSysCallPriority                     0x2000007c   Data           1  port.o(.data)
    uxCriticalNesting                        0x20000080   Data           4  port.o(.data)
    ulMaxPRIGROUPValue                       0x20000084   Data           4  port.o(.data)
    .bss                                     0x20000088   Section      312  main.o(.bss)
    .bss                                     0x200001c0   Section      596  freertos.o(.bss)
    xIdleTaskTCBBuffer                       0x200001c0   Data          84  freertos.o(.bss)
    xIdleStack                               0x20000214   Data         512  freertos.o(.bss)
    .bss                                     0x20000414   Section       72  stm32f4xx_hal_timebase_tim.o(.bss)
    .bss                                     0x2000045c   Section      240  tasks.o(.bss)
    pxReadyTasksLists                        0x2000045c   Data         140  tasks.o(.bss)
    xDelayedTaskList1                        0x200004e8   Data          20  tasks.o(.bss)
    xDelayedTaskList2                        0x200004fc   Data          20  tasks.o(.bss)
    xPendingReadyList                        0x20000510   Data          20  tasks.o(.bss)
    xTasksWaitingTermination                 0x20000524   Data          20  tasks.o(.bss)
    xSuspendedTaskList                       0x20000538   Data          20  tasks.o(.bss)
    .bss                                     0x2000054c   Section    15360  heap_4.o(.bss)
    ucHeap                                   0x2000054c   Data       15360  heap_4.o(.bss)
    .bss                                     0x2000414c   Section       96  libspace.o(.bss)
    HEAP                                     0x200041b0   Section      512  startup_stm32f446xx.o(HEAP)
    Heap_Mem                                 0x200041b0   Data         512  startup_stm32f446xx.o(HEAP)
    STACK                                    0x200043b0   Section     1024  startup_stm32f446xx.o(STACK)
    Stack_Mem                                0x200043b0   Data        1024  startup_stm32f446xx.o(STACK)
    __initial_sp                             0x200047b0   Data           0  startup_stm32f446xx.o(STACK)

    Global Symbols

    Symbol Name                              Value     Ov Type        Size  Object(Section)

    BuildAttributes$$THM_ISAv4$E$P$D$K$B$S$7EM$VFPi3$EXTD16$VFPS$VFMA$PE$A:L22UL41UL21$X:L11$S22US41US21$IEEE1$IW$USESV6$~STKCKD$USESV7$~SHL$OSPACE$ROPI$EBA8$UX$STANDARDLIB$REQ8$PRES8$EABIv2 0x00000000   Number         0  anon$$obj.o ABSOLUTE
    __ARM_use_no_argv                        0x00000000   Number         0  main.o ABSOLUTE
    _printf_flags                            0x00000000   Number         0  printf_stubs.o ABSOLUTE
    _printf_return_value                     0x00000000   Number         0  printf_stubs.o ABSOLUTE
    _printf_sizespec                         0x00000000   Number         0  printf_stubs.o ABSOLUTE
    _printf_widthprec                        0x00000000   Number         0  printf_stubs.o ABSOLUTE
    __ARM_exceptions_init                     - Undefined Weak Reference
    __alloca_initialize                       - Undefined Weak Reference
    __arm_fini_                               - Undefined Weak Reference
    __arm_preinit_                            - Undefined Weak Reference
    __cpp_initialize__aeabi_                  - Undefined Weak Reference
    __cxa_finalize                            - Undefined Weak Reference
    __rt_locale                               - Undefined Weak Reference
    __sigvec_lookup                           - Undefined Weak Reference
    _atexit_init                              - Undefined Weak Reference
    _call_atexit_fns                          - Undefined Weak Reference
    _clock_init                               - Undefined Weak Reference
    _fp_trap_init                             - Undefined Weak Reference
    _fp_trap_shutdown                         - Undefined Weak Reference
    _get_lc_collate                           - Undefined Weak Reference
    _get_lc_ctype                             - Undefined Weak Reference
    _get_lc_monetary                          - Undefined Weak Reference
    _get_lc_numeric                           - Undefined Weak Reference
    _get_lc_time                              - Undefined Weak Reference
    _getenv_init                              - Undefined Weak Reference
    _handle_redirection                       - Undefined Weak Reference
    _init_alloc                               - Undefined Weak Reference
    _init_user_alloc                          - Undefined Weak Reference
    _initio                                   - Undefined Weak Reference
    _printf_truncate_signed                   - Undefined Weak Reference
    _printf_truncate_unsigned                 - Undefined Weak Reference
    _rand_init                                - Undefined Weak Reference
    _signal_finish                            - Undefined Weak Reference
    _signal_init                              - Undefined Weak Reference
    _terminate_alloc                          - Undefined Weak Reference
    _terminate_user_alloc                     - Undefined Weak Reference
    _terminateio                              - Undefined Weak Reference
    __Vectors_Size                           0x000001c4   Number         0  startup_stm32f446xx.o ABSOLUTE
    __Vectors                                0x08000000   Data           4  startup_stm32f446xx.o(RESET)
    __Vectors_End                            0x080001c4   Data           0  startup_stm32f446xx.o(RESET)
    __main                                   0x080001c5   Thumb Code     8  __main.o(!!!main)
    __scatterload                            0x080001cd   Thumb Code     0  __scatter.o(!!!scatter)
    __scatterload_rt2                        0x080001cd   Thumb Code    44  __scatter.o(!!!scatter)
    __scatterload_rt2_thumb_only             0x080001cd   Thumb Code     0  __scatter.o(!!!scatter)
    __scatterload_null                       0x080001db   Thumb Code     0  __scatter.o(!!!scatter)
    __scatterload_copy                       0x08000201   Thumb Code    26  __scatter_copy.o(!!handler_copy)
    __scatterload_zeroinit                   0x0800021d   Thumb Code    28  __scatter_zi.o(!!handler_zi)
    __rt_lib_init                            0x08000239   Thumb Code     0  libinit.o(.ARM.Collect$$libinit$$00000000)
    __rt_lib_init_fp_1                       0x0800023b   Thumb Code     0  libinit2.o(.ARM.Collect$$libinit$$00000001)
    __rt_lib_init_alloca_1                   0x0800023f   Thumb Code     0  libinit2.o(.ARM.Collect$$libinit$$0000002E)
    __rt_lib_init_argv_1                     0x0800023f   Thumb Code     0  libinit2.o(.ARM.Collect$$libinit$$0000002C)
    __rt_lib_init_atexit_1                   0x0800023f   Thumb Code     0  libinit2.o(.ARM.Collect$$libinit$$0000001B)
    __rt_lib_init_clock_1                    0x0800023f   Thumb Code     0  libinit2.o(.ARM.Collect$$libinit$$00000021)
    __rt_lib_init_cpp_1                      0x0800023f   Thumb Code     0  libinit2.o(.ARM.Collect$$libinit$$00000032)
    __rt_lib_init_exceptions_1               0x0800023f   Thumb Code     0  libinit2.o(.ARM.Collect$$libinit$$00000030)
    __rt_lib_init_fp_trap_1                  0x0800023f   Thumb Code     0  libinit2.o(.ARM.Collect$$libinit$$0000001F)
    __rt_lib_init_getenv_1                   0x0800023f   Thumb Code     0  libinit2.o(.ARM.Collect$$libinit$$00000023)
    __rt_lib_init_heap_1                     0x0800023f   Thumb Code     0  libinit2.o(.ARM.Collect$$libinit$$0000000A)
    __rt_lib_init_lc_collate_1               0x0800023f   Thumb Code     0  libinit2.o(.ARM.Collect$$libinit$$00000011)
    __rt_lib_init_lc_ctype_1                 0x0800023f   Thumb Code     0  libinit2.o(.ARM.Collect$$libinit$$00000013)
    __rt_lib_init_lc_monetary_1              0x0800023f   Thumb Code     0  libinit2.o(.ARM.Collect$$libinit$$00000015)
    __rt_lib_init_lc_numeric_1               0x0800023f   Thumb Code     0  libinit2.o(.ARM.Collect$$libinit$$00000017)
    __rt_lib_init_lc_time_1                  0x0800023f   Thumb Code     0  libinit2.o(.ARM.Collect$$libinit$$00000019)
    __rt_lib_init_preinit_1                  0x0800023f   Thumb Code     0  libinit2.o(.ARM.Collect$$libinit$$00000004)
    __rt_lib_init_rand_1                     0x0800023f   Thumb Code     0  libinit2.o(.ARM.Collect$$libinit$$0000000E)
    __rt_lib_init_return                     0x0800023f   Thumb Code     0  libinit2.o(.ARM.Collect$$libinit$$00000033)
    __rt_lib_init_signal_1                   0x0800023f   Thumb Code     0  libinit2.o(.ARM.Collect$$libinit$$0000001D)
    __rt_lib_init_stdio_1                    0x0800023f   Thumb Code     0  libinit2.o(.ARM.Collect$$libinit$$00000025)
    __rt_lib_init_user_alloc_1               0x0800023f   Thumb Code     0  libinit2.o(.ARM.Collect$$libinit$$0000000C)
    __rt_lib_shutdown                        0x08000241   Thumb Code     0  libshutdown.o(.ARM.Collect$$libshutdown$$00000000)
    __rt_lib_shutdown_cpp_1                  0x08000243   Thumb Code     0  libshutdown2.o(.ARM.Collect$$libshutdown$$00000004)
    __rt_lib_shutdown_fini_1                 0x08000243   Thumb Code     0  libshutdown2.o(.ARM.Collect$$libshutdown$$00000002)
    __rt_lib_shutdown_fp_trap_1              0x08000243   Thumb Code     0  libshutdown2.o(.ARM.Collect$$libshutdown$$00000009)
    __rt_lib_shutdown_heap_1                 0x08000243   Thumb Code     0  libshutdown2.o(.ARM.Collect$$libshutdown$$00000011)
    __rt_lib_shutdown_return                 0x08000243   Thumb Code     0  libshutdown2.o(.ARM.Collect$$libshutdown$$00000012)
    __rt_lib_shutdown_signal_1               0x08000243   Thumb Code     0  libshutdown2.o(.ARM.Collect$$libshutdown$$0000000C)
    __rt_lib_shutdown_stdio_1                0x08000243   Thumb Code     0  libshutdown2.o(.ARM.Collect$$libshutdown$$00000006)
    __rt_lib_shutdown_user_alloc_1           0x08000243   Thumb Code     0  libshutdown2.o(.ARM.Collect$$libshutdown$$0000000E)
    __rt_entry                               0x08000245   Thumb Code     0  __rtentry.o(.ARM.Collect$$rtentry$$00000000)
    __rt_entry_presh_1                       0x08000245   Thumb Code     0  __rtentry2.o(.ARM.Collect$$rtentry$$00000002)
    __rt_entry_sh                            0x08000245   Thumb Code     0  __rtentry4.o(.ARM.Collect$$rtentry$$00000004)
    __rt_entry_li                            0x0800024b   Thumb Code     0  __rtentry2.o(.ARM.Collect$$rtentry$$0000000A)
    __rt_entry_postsh_1                      0x0800024b   Thumb Code     0  __rtentry2.o(.ARM.Collect$$rtentry$$00000009)
    __rt_entry_main                          0x0800024f   Thumb Code     0  __rtentry2.o(.ARM.Collect$$rtentry$$0000000D)
    __rt_entry_postli_1                      0x0800024f   Thumb Code     0  __rtentry2.o(.ARM.Collect$$rtentry$$0000000C)
    __rt_exit                                0x08000257   Thumb Code     0  rtexit.o(.ARM.Collect$$rtexit$$00000000)
    __rt_exit_ls                             0x08000259   Thumb Code     0  rtexit2.o(.ARM.Collect$$rtexit$$00000003)
    __rt_exit_prels_1                        0x08000259   Thumb Code     0  rtexit2.o(.ARM.Collect$$rtexit$$00000002)
    __rt_exit_exit                           0x0800025d   Thumb Code     0  rtexit2.o(.ARM.Collect$$rtexit$$00000004)
    SVC_Handler                              0x08000265   Thumb Code    28  port.o(.emb_text)
    __asm___6_port_c_39a90d8d__prvStartFirstTask 0x08000285   Thumb Code    36  port.o(.emb_text)
    __asm___6_port_c_39a90d8d__prvEnableVFP  0x080002ad   Thumb Code    16  port.o(.emb_text)
    PendSV_Handler                           0x080002c1   Thumb Code    88  port.o(.emb_text)
    vPortGetIPSR                             0x0800031d   Thumb Code     6  port.o(.emb_text)
    Reset_Handler                            0x08000325   Thumb Code     8  startup_stm32f446xx.o(.text)
    ADC_IRQHandler                           0x0800033f   Thumb Code     0  startup_stm32f446xx.o(.text)
    CAN1_RX0_IRQHandler                      0x0800033f   Thumb Code     0  startup_stm32f446xx.o(.text)
    CAN1_RX1_IRQHandler                      0x0800033f   Thumb Code     0  startup_stm32f446xx.o(.text)
    CAN1_SCE_IRQHandler                      0x0800033f   Thumb Code     0  startup_stm32f446xx.o(.text)
    CAN1_TX_IRQHandler                       0x0800033f   Thumb Code     0  startup_stm32f446xx.o(.text)
    CAN2_RX0_IRQHandler                      0x0800033f   Thumb Code     0  startup_stm32f446xx.o(.text)
    CAN2_RX1_IRQHandler                      0x0800033f   Thumb Code     0  startup_stm32f446xx.o(.text)
    CAN2_SCE_IRQHandler                      0x0800033f   Thumb Code     0  startup_stm32f446xx.o(.text)
    CAN2_TX_IRQHandler                       0x0800033f   Thumb Code     0  startup_stm32f446xx.o(.text)
    CEC_IRQHandler                           0x0800033f   Thumb Code     0  startup_stm32f446xx.o(.text)
    DCMI_IRQHandler                          0x0800033f   Thumb Code     0  startup_stm32f446xx.o(.text)
    DMA1_Stream0_IRQHandler                  0x0800033f   Thumb Code     0  startup_stm32f446xx.o(.text)
    DMA1_Stream1_IRQHandler                  0x0800033f   Thumb Code     0  startup_stm32f446xx.o(.text)
    DMA1_Stream2_IRQHandler                  0x0800033f   Thumb Code     0  startup_stm32f446xx.o(.text)
    DMA1_Stream3_IRQHandler                  0x0800033f   Thumb Code     0  startup_stm32f446xx.o(.text)
    DMA1_Stream4_IRQHandler                  0x0800033f   Thumb Code     0  startup_stm32f446xx.o(.text)
    DMA1_Stream5_IRQHandler                  0x0800033f   Thumb Code     0  startup_stm32f446xx.o(.text)
    DMA1_Stream6_IRQHandler                  0x0800033f   Thumb Code     0  startup_stm32f446xx.o(.text)
    DMA1_Stream7_IRQHandler                  0x0800033f   Thumb Code     0  startup_stm32f446xx.o(.text)
    DMA2_Stream0_IRQHandler                  0x0800033f   Thumb Code     0  startup_stm32f446xx.o(.text)
    DMA2_Stream1_IRQHandler                  0x0800033f   Thumb Code     0  startup_stm32f446xx.o(.text)
    DMA2_Stream2_IRQHandler                  0x0800033f   Thumb Code     0  startup_stm32f446xx.o(.text)
    DMA2_Stream3_IRQHandler                  0x0800033f   Thumb Code     0  startup_stm32f446xx.o(.text)
    DMA2_Stream4_IRQHandler                  0x0800033f   Thumb Code     0  startup_stm32f446xx.o(.text)
    DMA2_Stream5_IRQHandler                  0x0800033f   Thumb Code     0  startup_stm32f446xx.o(.text)
    DMA2_Stream6_IRQHandler                  0x0800033f   Thumb Code     0  startup_stm32f446xx.o(.text)
    DMA2_Stream7_IRQHandler                  0x0800033f   Thumb Code     0  startup_stm32f446xx.o(.text)
    EXTI0_IRQHandler                         0x0800033f   Thumb Code     0  startup_stm32f446xx.o(.text)
    EXTI15_10_IRQHandler                     0x0800033f   Thumb Code     0  startup_stm32f446xx.o(.text)
    EXTI1_IRQHandler                         0x0800033f   Thumb Code     0  startup_stm32f446xx.o(.text)
    EXTI2_IRQHandler                         0x0800033f   Thumb Code     0  startup_stm32f446xx.o(.text)
    EXTI3_IRQHandler                         0x0800033f   Thumb Code     0  startup_stm32f446xx.o(.text)
    EXTI4_IRQHandler                         0x0800033f   Thumb Code     0  startup_stm32f446xx.o(.text)
    EXTI9_5_IRQHandler                       0x0800033f   Thumb Code     0  startup_stm32f446xx.o(.text)
    FLASH_IRQHandler                         0x0800033f   Thumb Code     0  startup_stm32f446xx.o(.text)
    FMC_IRQHandler                           0x0800033f   Thumb Code     0  startup_stm32f446xx.o(.text)
    FMPI2C1_ER_IRQHandler                    0x0800033f   Thumb Code     0  startup_stm32f446xx.o(.text)
    FMPI2C1_EV_IRQHandler                    0x0800033f   Thumb Code     0  startup_stm32f446xx.o(.text)
    FPU_IRQHandler                           0x0800033f   Thumb Code     0  startup_stm32f446xx.o(.text)
    I2C1_ER_IRQHandler                       0x0800033f   Thumb Code     0  startup_stm32f446xx.o(.text)
    I2C1_EV_IRQHandler                       0x0800033f   Thumb Code     0  startup_stm32f446xx.o(.text)
    I2C2_ER_IRQHandler                       0x0800033f   Thumb Code     0  startup_stm32f446xx.o(.text)
    I2C2_EV_IRQHandler                       0x0800033f   Thumb Code     0  startup_stm32f446xx.o(.text)
    I2C3_ER_IRQHandler                       0x0800033f   Thumb Code     0  startup_stm32f446xx.o(.text)
    I2C3_EV_IRQHandler                       0x0800033f   Thumb Code     0  startup_stm32f446xx.o(.text)
    OTG_FS_IRQHandler                        0x0800033f   Thumb Code     0  startup_stm32f446xx.o(.text)
    OTG_FS_WKUP_IRQHandler                   0x0800033f   Thumb Code     0  startup_stm32f446xx.o(.text)
    OTG_HS_EP1_IN_IRQHandler                 0x0800033f   Thumb Code     0  startup_stm32f446xx.o(.text)
    OTG_HS_EP1_OUT_IRQHandler                0x0800033f   Thumb Code     0  startup_stm32f446xx.o(.text)
    OTG_HS_IRQHandler                        0x0800033f   Thumb Code     0  startup_stm32f446xx.o(.text)
    OTG_HS_WKUP_IRQHandler                   0x0800033f   Thumb Code     0  startup_stm32f446xx.o(.text)
    PVD_IRQHandler                           0x0800033f   Thumb Code     0  startup_stm32f446xx.o(.text)
    QUADSPI_IRQHandler                       0x0800033f   Thumb Code     0  startup_stm32f446xx.o(.text)
    RCC_IRQHandler                           0x0800033f   Thumb Code     0  startup_stm32f446xx.o(.text)
    RTC_Alarm_IRQHandler                     0x0800033f   Thumb Code     0  startup_stm32f446xx.o(.text)
    RTC_WKUP_IRQHandler                      0x0800033f   Thumb Code     0  startup_stm32f446xx.o(.text)
    SAI1_IRQHandler                          0x0800033f   Thumb Code     0  startup_stm32f446xx.o(.text)
    SAI2_IRQHandler                          0x0800033f   Thumb Code     0  startup_stm32f446xx.o(.text)
    SDIO_IRQHandler                          0x0800033f   Thumb Code     0  startup_stm32f446xx.o(.text)
    SPDIF_RX_IRQHandler                      0x0800033f   Thumb Code     0  startup_stm32f446xx.o(.text)
    SPI1_IRQHandler                          0x0800033f   Thumb Code     0  startup_stm32f446xx.o(.text)
    SPI2_IRQHandler                          0x0800033f   Thumb Code     0  startup_stm32f446xx.o(.text)
    SPI3_IRQHandler                          0x0800033f   Thumb Code     0  startup_stm32f446xx.o(.text)
    SPI4_IRQHandler                          0x0800033f   Thumb Code     0  startup_stm32f446xx.o(.text)
    TAMP_STAMP_IRQHandler                    0x0800033f   Thumb Code     0  startup_stm32f446xx.o(.text)
    TIM1_BRK_TIM9_IRQHandler                 0x0800033f   Thumb Code     0  startup_stm32f446xx.o(.text)
    TIM1_CC_IRQHandler                       0x0800033f   Thumb Code     0  startup_stm32f446xx.o(.text)
    TIM1_TRG_COM_TIM11_IRQHandler            0x0800033f   Thumb Code     0  startup_stm32f446xx.o(.text)
    TIM1_UP_TIM10_IRQHandler                 0x0800033f   Thumb Code     0  startup_stm32f446xx.o(.text)
    TIM3_IRQHandler                          0x0800033f   Thumb Code     0  startup_stm32f446xx.o(.text)
    TIM4_IRQHandler                          0x0800033f   Thumb Code     0  startup_stm32f446xx.o(.text)
    TIM5_IRQHandler                          0x0800033f   Thumb Code     0  startup_stm32f446xx.o(.text)
    TIM6_DAC_IRQHandler                      0x0800033f   Thumb Code     0  startup_stm32f446xx.o(.text)
    TIM7_IRQHandler                          0x0800033f   Thumb Code     0  startup_stm32f446xx.o(.text)
    TIM8_BRK_TIM12_IRQHandler                0x0800033f   Thumb Code     0  startup_stm32f446xx.o(.text)
    TIM8_CC_IRQHandler                       0x0800033f   Thumb Code     0  startup_stm32f446xx.o(.text)
    TIM8_TRG_COM_TIM14_IRQHandler            0x0800033f   Thumb Code     0  startup_stm32f446xx.o(.text)
    TIM8_UP_TIM13_IRQHandler                 0x0800033f   Thumb Code     0  startup_stm32f446xx.o(.text)
    UART4_IRQHandler                         0x0800033f   Thumb Code     0  startup_stm32f446xx.o(.text)
    UART5_IRQHandler                         0x0800033f   Thumb Code     0  startup_stm32f446xx.o(.text)
    USART1_IRQHandler                        0x0800033f   Thumb Code     0  startup_stm32f446xx.o(.text)
    USART2_IRQHandler                        0x0800033f   Thumb Code     0  startup_stm32f446xx.o(.text)
    USART3_IRQHandler                        0x0800033f   Thumb Code     0  startup_stm32f446xx.o(.text)
    USART6_IRQHandler                        0x0800033f   Thumb Code     0  startup_stm32f446xx.o(.text)
    WWDG_IRQHandler                          0x0800033f   Thumb Code     0  startup_stm32f446xx.o(.text)
    __user_initial_stackheap                 0x08000341   Thumb Code     0  startup_stm32f446xx.o(.text)
    __aeabi_uldivmod                         0x08000365   Thumb Code     0  lludivv7m.o(.text)
    _ll_udiv                                 0x08000365   Thumb Code   238  lludivv7m.o(.text)
    __aeabi_memcpy4                          0x08000453   Thumb Code     0  rt_memcpy_w.o(.text)
    __aeabi_memcpy8                          0x08000453   Thumb Code     0  rt_memcpy_w.o(.text)
    __rt_memcpy_w                            0x08000453   Thumb Code   100  rt_memcpy_w.o(.text)
    _memcpy_lastbytes_aligned                0x0800049b   Thumb Code     0  rt_memcpy_w.o(.text)
    __aeabi_memclr4                          0x080004b7   Thumb Code     0  rt_memclr_w.o(.text)
    __aeabi_memclr8                          0x080004b7   Thumb Code     0  rt_memclr_w.o(.text)
    __rt_memclr_w                            0x080004b7   Thumb Code    78  rt_memclr_w.o(.text)
    _memset_w                                0x080004bb   Thumb Code     0  rt_memclr_w.o(.text)
    __use_two_region_memory                  0x08000505   Thumb Code     2  heapauxi.o(.text)
    __rt_heap_escrow$2region                 0x08000507   Thumb Code     2  heapauxi.o(.text)
    __rt_heap_expand$2region                 0x08000509   Thumb Code     2  heapauxi.o(.text)
    __user_setup_stackheap                   0x0800050b   Thumb Code    74  sys_stackheap_outer.o(.text)
    exit                                     0x08000555   Thumb Code    18  exit.o(.text)
    __user_libspace                          0x08000569   Thumb Code     8  libspace.o(.text)
    __user_perproc_libspace                  0x08000569   Thumb Code     0  libspace.o(.text)
    __user_perthread_libspace                0x08000569   Thumb Code     0  libspace.o(.text)
    _sys_exit                                0x08000571   Thumb Code     8  sys_exit.o(.text)
    __I$use$semihosting                      0x0800057d   Thumb Code     0  use_no_semi.o(.text)
    __use_no_semihosting_swi                 0x0800057d   Thumb Code     2  use_no_semi.o(.text)
    __semihosting_library_function           0x0800057f   Thumb Code     0  indicate_semi.o(.text)
    BusFault_Handler                         0x080006a9   Thumb Code     2  stm32f4xx_it.o(i.BusFault_Handler)
    DebugMon_Handler                         0x080006ab   Thumb Code     2  stm32f4xx_it.o(i.DebugMon_Handler)
    Error_Handler                            0x080006ad   Thumb Code    28  main.o(i.Error_Handler)
    HAL_ADC_ConfigChannel                    0x080006cd   Thumb Code   334  stm32f4xx_hal_adc.o(i.HAL_ADC_ConfigChannel)
    HAL_ADC_Init                             0x08000831   Thumb Code    84  stm32f4xx_hal_adc.o(i.HAL_ADC_Init)
    HAL_ADC_MspInit                          0x08000885   Thumb Code    84  stm32f4xx_hal_msp.o(i.HAL_ADC_MspInit)
    HAL_Delay                                0x080008e5   Thumb Code    88  stm32f4xx_hal.o(i.HAL_Delay)
    HAL_GPIO_Init                            0x08000945   Thumb Code   436  stm32f4xx_hal_gpio.o(i.HAL_GPIO_Init)
    HAL_GPIO_TogglePin                       0x08000b21   Thumb Code    16  stm32f4xx_hal_gpio.o(i.HAL_GPIO_TogglePin)
    HAL_GPIO_WritePin                        0x08000b31   Thumb Code    10  stm32f4xx_hal_gpio.o(i.HAL_GPIO_WritePin)
    HAL_GetTick                              0x08000b3d   Thumb Code     6  stm32f4xx_hal.o(i.HAL_GetTick)
    HAL_I2C_Init                             0x08000b49   Thumb Code   376  stm32f4xx_hal_i2c.o(i.HAL_I2C_Init)
    HAL_I2C_MspInit                          0x08000cd1   Thumb Code    92  stm32f4xx_hal_msp.o(i.HAL_I2C_MspInit)
    HAL_IWDG_Init                            0x08000d39   Thumb Code    90  stm32f4xx_hal_iwdg.o(i.HAL_IWDG_Init)
    HAL_IncTick                              0x08000d95   Thumb Code    12  stm32f4xx_hal.o(i.HAL_IncTick)
    HAL_Init                                 0x08000da5   Thumb Code    48  stm32f4xx_hal.o(i.HAL_Init)
    HAL_InitTick                             0x08000dd9   Thumb Code   134  stm32f4xx_hal_timebase_tim.o(i.HAL_InitTick)
    HAL_MspInit                              0x08000e71   Thumb Code    52  stm32f4xx_hal_msp.o(i.HAL_MspInit)
    HAL_NVIC_EnableIRQ                       0x08000ea9   Thumb Code    26  stm32f4xx_hal_cortex.o(i.HAL_NVIC_EnableIRQ)
    HAL_NVIC_SetPriority                     0x08000ec5   Thumb Code    60  stm32f4xx_hal_cortex.o(i.HAL_NVIC_SetPriority)
    HAL_NVIC_SetPriorityGrouping             0x08000f05   Thumb Code    26  stm32f4xx_hal_cortex.o(i.HAL_NVIC_SetPriorityGrouping)
    HAL_RCC_ClockConfig                      0x08000f29   Thumb Code   288  stm32f4xx_hal_rcc.o(i.HAL_RCC_ClockConfig)
    HAL_RCC_GetClockConfig                   0x0800105d   Thumb Code    54  stm32f4xx_hal_rcc.o(i.HAL_RCC_GetClockConfig)
    HAL_RCC_GetPCLK1Freq                     0x0800109d   Thumb Code    20  stm32f4xx_hal_rcc.o(i.HAL_RCC_GetPCLK1Freq)
    HAL_RCC_GetPCLK2Freq                     0x080010bd   Thumb Code    20  stm32f4xx_hal_rcc.o(i.HAL_RCC_GetPCLK2Freq)
    HAL_RCC_GetSysClockFreq                  0x080010dd   Thumb Code   140  stm32f4xx_hal_rcc_ex.o(i.HAL_RCC_GetSysClockFreq)
    HAL_RCC_OscConfig                        0x08001171   Thumb Code   848  stm32f4xx_hal_rcc_ex.o(i.HAL_RCC_OscConfig)
    HAL_TIMEx_BreakCallback                  0x080014d5   Thumb Code     2  stm32f4xx_hal_tim_ex.o(i.HAL_TIMEx_BreakCallback)
    HAL_TIMEx_CommutCallback                 0x080014d7   Thumb Code     2  stm32f4xx_hal_tim_ex.o(i.HAL_TIMEx_CommutCallback)
    HAL_TIMEx_MasterConfigSynchronization    0x080014d9   Thumb Code   116  stm32f4xx_hal_tim_ex.o(i.HAL_TIMEx_MasterConfigSynchronization)
    HAL_TIM_Base_Init                        0x08001569   Thumb Code    90  stm32f4xx_hal_tim.o(i.HAL_TIM_Base_Init)
    HAL_TIM_Base_MspInit                     0x080015c5   Thumb Code    30  stm32f4xx_hal_msp.o(i.HAL_TIM_Base_MspInit)
    HAL_TIM_Base_Start_IT                    0x080015ed   Thumb Code   100  stm32f4xx_hal_tim.o(i.HAL_TIM_Base_Start_IT)
    HAL_TIM_ConfigClockSource                0x0800166d   Thumb Code   220  stm32f4xx_hal_tim.o(i.HAL_TIM_ConfigClockSource)
    HAL_TIM_IC_CaptureCallback               0x08001749   Thumb Code     2  stm32f4xx_hal_tim.o(i.HAL_TIM_IC_CaptureCallback)
    HAL_TIM_IRQHandler                       0x0800174b   Thumb Code   304  stm32f4xx_hal_tim.o(i.HAL_TIM_IRQHandler)
    HAL_TIM_OC_DelayElapsedCallback          0x0800187b   Thumb Code     2  stm32f4xx_hal_tim.o(i.HAL_TIM_OC_DelayElapsedCallback)
    HAL_TIM_PWM_PulseFinishedCallback        0x0800187d   Thumb Code     2  stm32f4xx_hal_tim.o(i.HAL_TIM_PWM_PulseFinishedCallback)
    HAL_TIM_PeriodElapsedCallback            0x0800187f   Thumb Code    14  main.o(i.HAL_TIM_PeriodElapsedCallback)
    HAL_TIM_TriggerCallback                  0x0800188d   Thumb Code     2  stm32f4xx_hal_tim.o(i.HAL_TIM_TriggerCallback)
    HAL_UART_Init                            0x0800188f   Thumb Code   100  stm32f4xx_hal_uart.o(i.HAL_UART_Init)
    HAL_UART_MspInit                         0x080018f5   Thumb Code    94  stm32f4xx_hal_msp.o(i.HAL_UART_MspInit)
    HardFault_Handler                        0x08001961   Thumb Code     2  stm32f4xx_it.o(i.HardFault_Handler)
    MemManage_Handler                        0x08001b19   Thumb Code     2  stm32f4xx_it.o(i.MemManage_Handler)
    NMI_Handler                              0x08001b1b   Thumb Code     2  stm32f4xx_it.o(i.NMI_Handler)
    StartDefaultTask                         0x08001b1d   Thumb Code     8  main.o(i.StartDefaultTask)
    StartTask02                              0x08001b25   Thumb Code     8  main.o(i.StartTask02)
    StartTask03                              0x08001b2d   Thumb Code     8  main.o(i.StartTask03)
    StartTask04                              0x08001b35   Thumb Code     8  main.o(i.StartTask04)
    SysTick_Handler                          0x08001b3d   Thumb Code    38  port.o(i.SysTick_Handler)
    SystemClock_Config                       0x08001b69   Thumb Code   120  main.o(i.SystemClock_Config)
    SystemInit                               0x08001be9   Thumb Code    12  system_stm32f4xx.o(i.SystemInit)
    TIM2_IRQHandler                          0x08001bf9   Thumb Code     6  stm32f4xx_it.o(i.TIM2_IRQHandler)
    TIM_Base_SetConfig                       0x08001c05   Thumb Code   170  stm32f4xx_hal_tim.o(i.TIM_Base_SetConfig)
    TIM_ETR_SetConfig                        0x08001cdd   Thumb Code    20  stm32f4xx_hal_tim.o(i.TIM_ETR_SetConfig)
    UsageFault_Handler                       0x08001e55   Thumb Code     2  stm32f4xx_it.o(i.UsageFault_Handler)
    main                                     0x08001e79   Thumb Code   182  main.o(i.main)
    osDelay                                  0x08001f51   Thumb Code    14  cmsis_os.o(i.osDelay)
    osKernelStart                            0x08001f5f   Thumb Code    10  cmsis_os.o(i.osKernelStart)
    osThreadCreate                           0x08001f69   Thumb Code    84  cmsis_os.o(i.osThreadCreate)
    pvPortMalloc                             0x08002309   Thumb Code   216  heap_4.o(i.pvPortMalloc)
    pxPortInitialiseStack                    0x080023e5   Thumb Code    40  port.o(i.pxPortInitialiseStack)
    uxListRemove                             0x08002411   Thumb Code    38  list.o(i.uxListRemove)
    vApplicationGetIdleTaskMemory            0x08002439   Thumb Code    16  freertos.o(i.vApplicationGetIdleTaskMemory)
    vListInitialise                          0x0800244d   Thumb Code    22  list.o(i.vListInitialise)
    vListInitialiseItem                      0x08002463   Thumb Code     6  list.o(i.vListInitialiseItem)
    vListInsert                              0x08002469   Thumb Code    48  list.o(i.vListInsert)
    vListInsertEnd                           0x08002499   Thumb Code    24  list.o(i.vListInsertEnd)
    vPortEnterCritical                       0x080024b1   Thumb Code    54  port.o(i.vPortEnterCritical)
    vPortExitCritical                        0x080024f1   Thumb Code    34  port.o(i.vPortExitCritical)
    vPortFree                                0x08002519   Thumb Code    94  heap_4.o(i.vPortFree)
    vPortSetupTimerInterrupt                 0x0800257d   Thumb Code    32  port.o(i.vPortSetupTimerInterrupt)
    vTaskDelay                               0x080025a1   Thumb Code    66  tasks.o(i.vTaskDelay)
    vTaskStartScheduler                      0x080025ed   Thumb Code    90  tasks.o(i.vTaskStartScheduler)
    vTaskSuspendAll                          0x08002659   Thumb Code    10  tasks.o(i.vTaskSuspendAll)
    vTaskSwitchContext                       0x08002669   Thumb Code    82  tasks.o(i.vTaskSwitchContext)
    xPortStartScheduler                      0x080026c5   Thumb Code   222  port.o(i.xPortStartScheduler)
    xTaskCreate                              0x080027b9   Thumb Code    90  tasks.o(i.xTaskCreate)
    xTaskCreateStatic                        0x08002813   Thumb Code    86  tasks.o(i.xTaskCreateStatic)
    xTaskIncrementTick                       0x08002869   Thumb Code   194  tasks.o(i.xTaskIncrementTick)
    xTaskResumeAll                           0x08002935   Thumb Code   182  tasks.o(i.xTaskResumeAll)
    _fp_init                                 0x080029f9   Thumb Code    10  fpinit.o(x$fpl$fpinit)
    __fplib_config_fpu_vfp                   0x08002a01   Thumb Code     0  fpinit.o(x$fpl$fpinit)
    __fplib_config_pureend_doubles           0x08002a01   Thumb Code     0  fpinit.o(x$fpl$fpinit)
    AHBPrescTable                            0x08002a74   Data          16  system_stm32f4xx.o(.constdata)
    APBPrescTable                            0x08002a84   Data           8  system_stm32f4xx.o(.constdata)
    Region$$Table$$Base                      0x08002abc   Number         0  anon$$obj.o(Region$$Table)
    Region$$Table$$Limit                     0x08002adc   Number         0  anon$$obj.o(Region$$Table)
    defaultTaskHandle                        0x20000000   Data           4  main.o(.data)
    ReadPMTaskHandle                         0x20000004   Data           4  main.o(.data)
    ReadMQTaskHandle                         0x20000008   Data           4  main.o(.data)
    DisplayTaskHandle                        0x2000000c   Data           4  main.o(.data)
    uwTickFreq                               0x20000010   Data           1  stm32f4xx_hal.o(.data)
    uwTickPrio                               0x20000014   Data           4  stm32f4xx_hal.o(.data)
    uwTick                                   0x20000018   Data           4  stm32f4xx_hal.o(.data)
    SystemCoreClock                          0x2000001c   Data           4  system_stm32f4xx.o(.data)
    pxCurrentTCB                             0x20000020   Data           4  tasks.o(.data)
    hadc1                                    0x20000088   Data          72  main.o(.bss)
    hi2c1                                    0x200000d0   Data          84  main.o(.bss)
    hiwdg                                    0x20000124   Data          12  main.o(.bss)
    htim1                                    0x20000130   Data          72  main.o(.bss)
    huart1                                   0x20000178   Data          72  main.o(.bss)
    htim2                                    0x20000414   Data          72  stm32f4xx_hal_timebase_tim.o(.bss)
    __libspace_start                         0x2000414c   Data          96  libspace.o(.bss)
    __temporary_stack_top$libspace           0x200041ac   Data           0  libspace.o(.bss)



==============================================================================

Memory Map of the image

  Image Entry point : 0x080001c5

  Load Region LR_IROM1 (Base: 0x08000000, Size: 0x00002b64, Max: 0x00080000, ABSOLUTE)

    Execution Region ER_IROM1 (Exec base: 0x08000000, Load base: 0x08000000, Size: 0x00002adc, Max: 0x00080000, ABSOLUTE)

    Exec Addr    Load Addr    Size         Type   Attr      Idx    E Section Name        Object

    0x08000000   0x08000000   0x000001c4   Data   RO            3    RESET               startup_stm32f446xx.o
    0x080001c4   0x080001c4   0x00000008   Code   RO         5326  * !!!main             c_w.l(__main.o)
    0x080001cc   0x080001cc   0x00000034   Code   RO         5508    !!!scatter          c_w.l(__scatter.o)
    0x08000200   0x08000200   0x0000001a   Code   RO         5510    !!handler_copy      c_w.l(__scatter_copy.o)
    0x0800021a   0x0800021a   0x00000002   PAD
    0x0800021c   0x0800021c   0x0000001c   Code   RO         5512    !!handler_zi        c_w.l(__scatter_zi.o)
    0x08000238   0x08000238   0x00000002   Code   RO         5376    .ARM.Collect$$libinit$$00000000  c_w.l(libinit.o)
    0x0800023a   0x0800023a   0x00000004   Code   RO         5388    .ARM.Collect$$libinit$$00000001  c_w.l(libinit2.o)
    0x0800023e   0x0800023e   0x00000000   Code   RO         5391    .ARM.Collect$$libinit$$00000004  c_w.l(libinit2.o)
    0x0800023e   0x0800023e   0x00000000   Code   RO         5394    .ARM.Collect$$libinit$$0000000A  c_w.l(libinit2.o)
    0x0800023e   0x0800023e   0x00000000   Code   RO         5396    .ARM.Collect$$libinit$$0000000C  c_w.l(libinit2.o)
    0x0800023e   0x0800023e   0x00000000   Code   RO         5398    .ARM.Collect$$libinit$$0000000E  c_w.l(libinit2.o)
    0x0800023e   0x0800023e   0x00000000   Code   RO         5401    .ARM.Collect$$libinit$$00000011  c_w.l(libinit2.o)
    0x0800023e   0x0800023e   0x00000000   Code   RO         5403    .ARM.Collect$$libinit$$00000013  c_w.l(libinit2.o)
    0x0800023e   0x0800023e   0x00000000   Code   RO         5405    .ARM.Collect$$libinit$$00000015  c_w.l(libinit2.o)
    0x0800023e   0x0800023e   0x00000000   Code   RO         5407    .ARM.Collect$$libinit$$00000017  c_w.l(libinit2.o)
    0x0800023e   0x0800023e   0x00000000   Code   RO         5409    .ARM.Collect$$libinit$$00000019  c_w.l(libinit2.o)
    0x0800023e   0x0800023e   0x00000000   Code   RO         5411    .ARM.Collect$$libinit$$0000001B  c_w.l(libinit2.o)
    0x0800023e   0x0800023e   0x00000000   Code   RO         5413    .ARM.Collect$$libinit$$0000001D  c_w.l(libinit2.o)
    0x0800023e   0x0800023e   0x00000000   Code   RO         5415    .ARM.Collect$$libinit$$0000001F  c_w.l(libinit2.o)
    0x0800023e   0x0800023e   0x00000000   Code   RO         5417    .ARM.Collect$$libinit$$00000021  c_w.l(libinit2.o)
    0x0800023e   0x0800023e   0x00000000   Code   RO         5419    .ARM.Collect$$libinit$$00000023  c_w.l(libinit2.o)
    0x0800023e   0x0800023e   0x00000000   Code   RO         5421    .ARM.Collect$$libinit$$00000025  c_w.l(libinit2.o)
    0x0800023e   0x0800023e   0x00000000   Code   RO         5425    .ARM.Collect$$libinit$$0000002C  c_w.l(libinit2.o)
    0x0800023e   0x0800023e   0x00000000   Code   RO         5427    .ARM.Collect$$libinit$$0000002E  c_w.l(libinit2.o)
    0x0800023e   0x0800023e   0x00000000   Code   RO         5429    .ARM.Collect$$libinit$$00000030  c_w.l(libinit2.o)
    0x0800023e   0x0800023e   0x00000000   Code   RO         5431    .ARM.Collect$$libinit$$00000032  c_w.l(libinit2.o)
    0x0800023e   0x0800023e   0x00000002   Code   RO         5432    .ARM.Collect$$libinit$$00000033  c_w.l(libinit2.o)
    0x08000240   0x08000240   0x00000002   Code   RO         5463    .ARM.Collect$$libshutdown$$00000000  c_w.l(libshutdown.o)
    0x08000242   0x08000242   0x00000000   Code   RO         5489    .ARM.Collect$$libshutdown$$00000002  c_w.l(libshutdown2.o)
    0x08000242   0x08000242   0x00000000   Code   RO         5491    .ARM.Collect$$libshutdown$$00000004  c_w.l(libshutdown2.o)
    0x08000242   0x08000242   0x00000000   Code   RO         5493    .ARM.Collect$$libshutdown$$00000006  c_w.l(libshutdown2.o)
    0x08000242   0x08000242   0x00000000   Code   RO         5496    .ARM.Collect$$libshutdown$$00000009  c_w.l(libshutdown2.o)
    0x08000242   0x08000242   0x00000000   Code   RO         5499    .ARM.Collect$$libshutdown$$0000000C  c_w.l(libshutdown2.o)
    0x08000242   0x08000242   0x00000000   Code   RO         5501    .ARM.Collect$$libshutdown$$0000000E  c_w.l(libshutdown2.o)
    0x08000242   0x08000242   0x00000000   Code   RO         5504    .ARM.Collect$$libshutdown$$00000011  c_w.l(libshutdown2.o)
    0x08000242   0x08000242   0x00000002   Code   RO         5505    .ARM.Collect$$libshutdown$$00000012  c_w.l(libshutdown2.o)
    0x08000244   0x08000244   0x00000000   Code   RO         5328    .ARM.Collect$$rtentry$$00000000  c_w.l(__rtentry.o)
    0x08000244   0x08000244   0x00000000   Code   RO         5345    .ARM.Collect$$rtentry$$00000002  c_w.l(__rtentry2.o)
    0x08000244   0x08000244   0x00000006   Code   RO         5357    .ARM.Collect$$rtentry$$00000004  c_w.l(__rtentry4.o)
    0x0800024a   0x0800024a   0x00000000   Code   RO         5347    .ARM.Collect$$rtentry$$00000009  c_w.l(__rtentry2.o)
    0x0800024a   0x0800024a   0x00000004   Code   RO         5348    .ARM.Collect$$rtentry$$0000000A  c_w.l(__rtentry2.o)
    0x0800024e   0x0800024e   0x00000000   Code   RO         5350    .ARM.Collect$$rtentry$$0000000C  c_w.l(__rtentry2.o)
    0x0800024e   0x0800024e   0x00000008   Code   RO         5351    .ARM.Collect$$rtentry$$0000000D  c_w.l(__rtentry2.o)
    0x08000256   0x08000256   0x00000002   Code   RO         5380    .ARM.Collect$$rtexit$$00000000  c_w.l(rtexit.o)
    0x08000258   0x08000258   0x00000000   Code   RO         5436    .ARM.Collect$$rtexit$$00000002  c_w.l(rtexit2.o)
    0x08000258   0x08000258   0x00000004   Code   RO         5437    .ARM.Collect$$rtexit$$00000003  c_w.l(rtexit2.o)
    0x0800025c   0x0800025c   0x00000006   Code   RO         5438    .ARM.Collect$$rtexit$$00000004  c_w.l(rtexit2.o)
    0x08000262   0x08000262   0x00000002   PAD
    0x08000264   0x08000264   0x000000be   Code   RO         5202    .emb_text           port.o
    0x08000322   0x08000322   0x00000002   PAD
    0x08000324   0x08000324   0x00000040   Code   RO            4    .text               startup_stm32f446xx.o
    0x08000364   0x08000364   0x000000ee   Code   RO         5281    .text               c_w.l(lludivv7m.o)
    0x08000452   0x08000452   0x00000064   Code   RO         5318    .text               c_w.l(rt_memcpy_w.o)
    0x080004b6   0x080004b6   0x0000004e   Code   RO         5322    .text               c_w.l(rt_memclr_w.o)
    0x08000504   0x08000504   0x00000006   Code   RO         5324    .text               c_w.l(heapauxi.o)
    0x0800050a   0x0800050a   0x0000004a   Code   RO         5363    .text               c_w.l(sys_stackheap_outer.o)
    0x08000554   0x08000554   0x00000012   Code   RO         5365    .text               c_w.l(exit.o)
    0x08000566   0x08000566   0x00000002   PAD
    0x08000568   0x08000568   0x00000008   Code   RO         5377    .text               c_w.l(libspace.o)
    0x08000570   0x08000570   0x0000000c   Code   RO         5433    .text               c_w.l(sys_exit.o)
    0x0800057c   0x0800057c   0x00000002   Code   RO         5452    .text               c_w.l(use_no_semi.o)
    0x0800057e   0x0800057e   0x00000000   Code   RO         5454    .text               c_w.l(indicate_semi.o)
    0x0800057e   0x0800057e   0x00000002   PAD
    0x08000580   0x08000580   0x00000128   Code   RO         1656    i.ADC_Init          stm32f4xx_hal_adc.o
    0x080006a8   0x080006a8   0x00000002   Code   RO          505    i.BusFault_Handler  stm32f4xx_it.o
    0x080006aa   0x080006aa   0x00000002   Code   RO          506    i.DebugMon_Handler  stm32f4xx_it.o
    0x080006ac   0x080006ac   0x00000020   Code   RO          372    i.Error_Handler     main.o
    0x080006cc   0x080006cc   0x00000164   Code   RO         1658    i.HAL_ADC_ConfigChannel  stm32f4xx_hal_adc.o
    0x08000830   0x08000830   0x00000054   Code   RO         1667    i.HAL_ADC_Init      stm32f4xx_hal_adc.o
    0x08000884   0x08000884   0x00000060   Code   RO          570    i.HAL_ADC_MspInit   stm32f4xx_hal_msp.o
    0x080008e4   0x080008e4   0x00000060   Code   RO         2926    i.HAL_Delay         stm32f4xx_hal.o
    0x08000944   0x08000944   0x000001dc   Code   RO         2370    i.HAL_GPIO_Init     stm32f4xx_hal_gpio.o
    0x08000b20   0x08000b20   0x00000010   Code   RO         2373    i.HAL_GPIO_TogglePin  stm32f4xx_hal_gpio.o
    0x08000b30   0x08000b30   0x0000000a   Code   RO         2374    i.HAL_GPIO_WritePin  stm32f4xx_hal_gpio.o
    0x08000b3a   0x08000b3a   0x00000002   PAD
    0x08000b3c   0x08000b3c   0x0000000c   Code   RO         2927    i.HAL_GetTick       stm32f4xx_hal.o
    0x08000b48   0x08000b48   0x00000188   Code   RO         3098    i.HAL_I2C_Init      stm32f4xx_hal_i2c.o
    0x08000cd0   0x08000cd0   0x00000068   Code   RO          572    i.HAL_I2C_MspInit   stm32f4xx_hal_msp.o
    0x08000d38   0x08000d38   0x0000005a   Code   RO         3554    i.HAL_IWDG_Init     stm32f4xx_hal_iwdg.o
    0x08000d92   0x08000d92   0x00000002   PAD
    0x08000d94   0x08000d94   0x00000010   Code   RO         2930    i.HAL_IncTick       stm32f4xx_hal.o
    0x08000da4   0x08000da4   0x00000034   Code   RO         2931    i.HAL_Init          stm32f4xx_hal.o
    0x08000dd8   0x08000dd8   0x00000098   Code   RO          641    i.HAL_InitTick      stm32f4xx_hal_timebase_tim.o
    0x08000e70   0x08000e70   0x00000038   Code   RO          573    i.HAL_MspInit       stm32f4xx_hal_msp.o
    0x08000ea8   0x08000ea8   0x0000001a   Code   RO         2780    i.HAL_NVIC_EnableIRQ  stm32f4xx_hal_cortex.o
    0x08000ec2   0x08000ec2   0x00000002   PAD
    0x08000ec4   0x08000ec4   0x00000040   Code   RO         2786    i.HAL_NVIC_SetPriority  stm32f4xx_hal_cortex.o
    0x08000f04   0x08000f04   0x00000024   Code   RO         2787    i.HAL_NVIC_SetPriorityGrouping  stm32f4xx_hal_cortex.o
    0x08000f28   0x08000f28   0x00000134   Code   RO         1932    i.HAL_RCC_ClockConfig  stm32f4xx_hal_rcc.o
    0x0800105c   0x0800105c   0x00000040   Code   RO         1936    i.HAL_RCC_GetClockConfig  stm32f4xx_hal_rcc.o
    0x0800109c   0x0800109c   0x00000020   Code   RO         1939    i.HAL_RCC_GetPCLK1Freq  stm32f4xx_hal_rcc.o
    0x080010bc   0x080010bc   0x00000020   Code   RO         1940    i.HAL_RCC_GetPCLK2Freq  stm32f4xx_hal_rcc.o
    0x080010dc   0x080010dc   0x00000094   Code   RO         2043    i.HAL_RCC_GetSysClockFreq  stm32f4xx_hal_rcc_ex.o
    0x08001170   0x08001170   0x00000364   Code   RO         2044    i.HAL_RCC_OscConfig  stm32f4xx_hal_rcc_ex.o
    0x080014d4   0x080014d4   0x00000002   Code   RO         1386    i.HAL_TIMEx_BreakCallback  stm32f4xx_hal_tim_ex.o
    0x080014d6   0x080014d6   0x00000002   Code   RO         1387    i.HAL_TIMEx_CommutCallback  stm32f4xx_hal_tim_ex.o
    0x080014d8   0x080014d8   0x00000090   Code   RO         1405    i.HAL_TIMEx_MasterConfigSynchronization  stm32f4xx_hal_tim_ex.o
    0x08001568   0x08001568   0x0000005a   Code   RO          682    i.HAL_TIM_Base_Init  stm32f4xx_hal_tim.o
    0x080015c2   0x080015c2   0x00000002   PAD
    0x080015c4   0x080015c4   0x00000028   Code   RO          575    i.HAL_TIM_Base_MspInit  stm32f4xx_hal_msp.o
    0x080015ec   0x080015ec   0x00000080   Code   RO          687    i.HAL_TIM_Base_Start_IT  stm32f4xx_hal_tim.o
    0x0800166c   0x0800166c   0x000000dc   Code   RO          691    i.HAL_TIM_ConfigClockSource  stm32f4xx_hal_tim.o
    0x08001748   0x08001748   0x00000002   Code   RO          716    i.HAL_TIM_IC_CaptureCallback  stm32f4xx_hal_tim.o
    0x0800174a   0x0800174a   0x00000130   Code   RO          730    i.HAL_TIM_IRQHandler  stm32f4xx_hal_tim.o
    0x0800187a   0x0800187a   0x00000002   Code   RO          733    i.HAL_TIM_OC_DelayElapsedCallback  stm32f4xx_hal_tim.o
    0x0800187c   0x0800187c   0x00000002   Code   RO          760    i.HAL_TIM_PWM_PulseFinishedCallback  stm32f4xx_hal_tim.o
    0x0800187e   0x0800187e   0x0000000e   Code   RO          373    i.HAL_TIM_PeriodElapsedCallback  main.o
    0x0800188c   0x0800188c   0x00000002   Code   RO          773    i.HAL_TIM_TriggerCallback  stm32f4xx_hal_tim.o
    0x0800188e   0x0800188e   0x00000064   Code   RO         3614    i.HAL_UART_Init     stm32f4xx_hal_uart.o
    0x080018f2   0x080018f2   0x00000002   PAD
    0x080018f4   0x080018f4   0x0000006c   Code   RO          577    i.HAL_UART_MspInit  stm32f4xx_hal_msp.o
    0x08001960   0x08001960   0x00000002   Code   RO          507    i.HardFault_Handler  stm32f4xx_it.o
    0x08001962   0x08001962   0x00000002   PAD
    0x08001964   0x08001964   0x0000005c   Code   RO          374    i.MX_ADC1_Init      main.o
    0x080019c0   0x080019c0   0x000000bc   Code   RO          375    i.MX_GPIO_Init      main.o
    0x08001a7c   0x08001a7c   0x0000003c   Code   RO          376    i.MX_I2C1_Init      main.o
    0x08001ab8   0x08001ab8   0x00000060   Code   RO          377    i.MX_TIM1_Init      main.o
    0x08001b18   0x08001b18   0x00000002   Code   RO          508    i.MemManage_Handler  stm32f4xx_it.o
    0x08001b1a   0x08001b1a   0x00000002   Code   RO          509    i.NMI_Handler       stm32f4xx_it.o
    0x08001b1c   0x08001b1c   0x00000008   Code   RO          378    i.StartDefaultTask  main.o
    0x08001b24   0x08001b24   0x00000008   Code   RO          379    i.StartTask02       main.o
    0x08001b2c   0x08001b2c   0x00000008   Code   RO          380    i.StartTask03       main.o
    0x08001b34   0x08001b34   0x00000008   Code   RO          381    i.StartTask04       main.o
    0x08001b3c   0x08001b3c   0x0000002c   Code   RO         5203    i.SysTick_Handler   port.o
    0x08001b68   0x08001b68   0x00000080   Code   RO          382    i.SystemClock_Config  main.o
    0x08001be8   0x08001be8   0x00000010   Code   RO         3948    i.SystemInit        system_stm32f4xx.o
    0x08001bf8   0x08001bf8   0x0000000c   Code   RO          510    i.TIM2_IRQHandler   stm32f4xx_it.o
    0x08001c04   0x08001c04   0x000000d8   Code   RO          775    i.TIM_Base_SetConfig  stm32f4xx_hal_tim.o
    0x08001cdc   0x08001cdc   0x00000014   Code   RO          786    i.TIM_ETR_SetConfig  stm32f4xx_hal_tim.o
    0x08001cf0   0x08001cf0   0x00000010   Code   RO          787    i.TIM_ITRx_SetConfig  stm32f4xx_hal_tim.o
    0x08001d00   0x08001d00   0x00000022   Code   RO          793    i.TIM_TI1_ConfigInputStage  stm32f4xx_hal_tim.o
    0x08001d22   0x08001d22   0x00000024   Code   RO          795    i.TIM_TI2_ConfigInputStage  stm32f4xx_hal_tim.o
    0x08001d46   0x08001d46   0x00000002   PAD
    0x08001d48   0x08001d48   0x0000010c   Code   RO         3640    i.UART_SetConfig    stm32f4xx_hal_uart.o
    0x08001e54   0x08001e54   0x00000002   Code   RO          511    i.UsageFault_Handler  stm32f4xx_it.o
    0x08001e56   0x08001e56   0x00000020   Code   RO         2793    i.__NVIC_SetPriority  stm32f4xx_hal_cortex.o
    0x08001e76   0x08001e76   0x00000002   PAD
    0x08001e78   0x08001e78   0x000000cc   Code   RO          383    i.main              main.o
    0x08001f44   0x08001f44   0x0000000c   Code   RO         4768    i.makeFreeRtosPriority  cmsis_os.o
    0x08001f50   0x08001f50   0x0000000e   Code   RO         4770    i.osDelay           cmsis_os.o
    0x08001f5e   0x08001f5e   0x0000000a   Code   RO         4773    i.osKernelStart     cmsis_os.o
    0x08001f68   0x08001f68   0x00000054   Code   RO         4807    i.osThreadCreate    cmsis_os.o
    0x08001fbc   0x08001fbc   0x00000070   Code   RO         4450    i.prvAddCurrentTaskToDelayedList  tasks.o
    0x0800202c   0x0800202c   0x000000d0   Code   RO         4451    i.prvAddNewTaskToReadyList  tasks.o
    0x080020fc   0x080020fc   0x00000034   Code   RO         4452    i.prvDeleteTCB      tasks.o
    0x08002130   0x08002130   0x0000004c   Code   RO         5135    i.prvHeapInit       heap_4.o
    0x0800217c   0x0800217c   0x00000060   Code   RO         4453    i.prvIdleTask       tasks.o
    0x080021dc   0x080021dc   0x00000098   Code   RO         4454    i.prvInitialiseNewTask  tasks.o
    0x08002274   0x08002274   0x0000004c   Code   RO         5136    i.prvInsertBlockIntoFreeList  heap_4.o
    0x080022c0   0x080022c0   0x00000020   Code   RO         4455    i.prvResetNextTaskUnblockTime  tasks.o
    0x080022e0   0x080022e0   0x00000028   Code   RO         5204    i.prvTaskExitError  port.o
    0x08002308   0x08002308   0x000000dc   Code   RO         5137    i.pvPortMalloc      heap_4.o
    0x080023e4   0x080023e4   0x0000002c   Code   RO         5205    i.pxPortInitialiseStack  port.o
    0x08002410   0x08002410   0x00000026   Code   RO         4086    i.uxListRemove      list.o
    0x08002436   0x08002436   0x00000002   PAD
    0x08002438   0x08002438   0x00000014   Code   RO          471    i.vApplicationGetIdleTaskMemory  freertos.o
    0x0800244c   0x0800244c   0x00000016   Code   RO         4087    i.vListInitialise   list.o
    0x08002462   0x08002462   0x00000006   Code   RO         4088    i.vListInitialiseItem  list.o
    0x08002468   0x08002468   0x00000030   Code   RO         4089    i.vListInsert       list.o
    0x08002498   0x08002498   0x00000018   Code   RO         4090    i.vListInsertEnd    list.o
    0x080024b0   0x080024b0   0x00000040   Code   RO         5207    i.vPortEnterCritical  port.o
    0x080024f0   0x080024f0   0x00000028   Code   RO         5208    i.vPortExitCritical  port.o
    0x08002518   0x08002518   0x00000064   Code   RO         5138    i.vPortFree         heap_4.o
    0x0800257c   0x0800257c   0x00000024   Code   RO         5209    i.vPortSetupTimerInterrupt  port.o
    0x080025a0   0x080025a0   0x0000004c   Code   RO         4464    i.vTaskDelay        tasks.o
    0x080025ec   0x080025ec   0x0000006c   Code   RO         4477    i.vTaskStartScheduler  tasks.o
    0x08002658   0x08002658   0x00000010   Code   RO         4479    i.vTaskSuspendAll   tasks.o
    0x08002668   0x08002668   0x0000005c   Code   RO         4480    i.vTaskSwitchContext  tasks.o
    0x080026c4   0x080026c4   0x000000f4   Code   RO         5211    i.xPortStartScheduler  port.o
    0x080027b8   0x080027b8   0x0000005a   Code   RO         4483    i.xTaskCreate       tasks.o
    0x08002812   0x08002812   0x00000056   Code   RO         4484    i.xTaskCreateStatic  tasks.o
    0x08002868   0x08002868   0x000000cc   Code   RO         4491    i.xTaskIncrementTick  tasks.o
    0x08002934   0x08002934   0x000000c4   Code   RO         4497    i.xTaskResumeAll    tasks.o
    0x080029f8   0x080029f8   0x0000000a   Code   RO         5448    x$fpl$fpinit        fz_wm.l(fpinit.o)
    0x08002a02   0x08002a02   0x00000002   PAD
    0x08002a04   0x08002a04   0x00000070   Data   RO          385    .constdata          main.o
    0x08002a74   0x08002a74   0x00000010   Data   RO         3949    .constdata          system_stm32f4xx.o
    0x08002a84   0x08002a84   0x00000008   Data   RO         3950    .constdata          system_stm32f4xx.o
    0x08002a8c   0x08002a8c   0x00000030   Data   RO          386    .conststring        main.o
    0x08002abc   0x08002abc   0x00000020   Data   RO         5506    Region$$Table       anon$$obj.o


    Execution Region RW_IRAM1 (Exec base: 0x20000000, Load base: 0x08002adc, Size: 0x000047b0, Max: 0x00020000, ABSOLUTE)

    Exec Addr    Load Addr    Size         Type   Attr      Idx    E Section Name        Object

    0x20000000   0x08002adc   0x00000010   Data   RW          387    .data               main.o
    0x20000010   0x08002aec   0x0000000c   Data   RW         2936    .data               stm32f4xx_hal.o
    0x2000001c   0x08002af8   0x00000004   Data   RW         3951    .data               system_stm32f4xx.o
    0x20000020   0x08002afc   0x0000003c   Data   RW         4500    .data               tasks.o
    0x2000005c   0x08002b38   0x00000020   Data   RW         5144    .data               heap_4.o
    0x2000007c   0x08002b58   0x0000000c   Data   RW         5212    .data               port.o
    0x20000088        -       0x00000138   Zero   RW          384    .bss                main.o
    0x200001c0        -       0x00000254   Zero   RW          472    .bss                freertos.o
    0x20000414        -       0x00000048   Zero   RW          644    .bss                stm32f4xx_hal_timebase_tim.o
    0x2000045c        -       0x000000f0   Zero   RW         4499    .bss                tasks.o
    0x2000054c        -       0x00003c00   Zero   RW         5143    .bss                heap_4.o
    0x2000414c        -       0x00000060   Zero   RW         5378    .bss                c_w.l(libspace.o)
    0x200041ac   0x08002b64   0x00000004   PAD
    0x200041b0        -       0x00000200   Zero   RW            2    HEAP                startup_stm32f446xx.o
    0x200043b0        -       0x00000400   Zero   RW            1    STACK               startup_stm32f446xx.o


==============================================================================

Image component sizes


      Code (inc. data)   RO Data    RW Data    ZI Data      Debug   Object Name

       120          0          0          0          0      23805   cmsis_os.o
         0          0          0          0          0      17196   event_groups.o
        20          4          0          0        596       1380   freertos.o
       472         24          0         32      15360       7787   heap_4.o
       138          0          0          0          0       3874   list.o
       846         84        160         16        312       8452   main.o
         0          0          0          0          0     769512   pm25sensor.o
       702         72          0         12          0      11868   port.o
        64         26        452          0       1536        892   startup_stm32f446xx.o
       176         22          0         12          0       8942   stm32f4xx_hal.o
       736         34          0          0          0       3079   stm32f4xx_hal_adc.o
       158         14          0          0          0      33314   stm32f4xx_hal_cortex.o
       502         40          0          0          0       3021   stm32f4xx_hal_gpio.o
       392         16          0          0          0       3323   stm32f4xx_hal_i2c.o
        90          0          0          0          0       1392   stm32f4xx_hal_iwdg.o
       404         52          0          0          0       3924   stm32f4xx_hal_msp.o
       436         54          0          0          0       3787   stm32f4xx_hal_rcc.o
      1016         28          0          0          0       2910   stm32f4xx_hal_rcc_ex.o
      1072         74          0          0          0      10989   stm32f4xx_hal_tim.o
       148         28          0          0          0       2677   stm32f4xx_hal_tim_ex.o
       152         18          0          0         72       1623   stm32f4xx_hal_timebase_tim.o
       368         10          0          0          0       2192   stm32f4xx_hal_uart.o
        24          6          0          0          0       3587   stm32f4xx_it.o
         0          0          0          0          0        468   stream_buffer.o
        16          4         24          4          0       1271   system_stm32f4xx.o
      1520        112          0         60        240      20330   tasks.o

    ----------------------------------------------------------------------
      9592        722        668        136      18116     951595   Object Totals
         0          0         32          0          0          0   (incl. Generated)
        20          0          0          0          0          0   (incl. Padding)

    ----------------------------------------------------------------------

      Code (inc. data)   RO Data    RW Data    ZI Data      Debug   Library Member Name

         8          0          0          0          0         68   __main.o
         0          0          0          0          0          0   __rtentry.o
        12          0          0          0          0          0   __rtentry2.o
         6          0          0          0          0          0   __rtentry4.o
        52          8          0          0          0          0   __scatter.o
        26          0          0          0          0          0   __scatter_copy.o
        28          0          0          0          0          0   __scatter_zi.o
        18          0          0          0          0         80   exit.o
         6          0          0          0          0        152   heapauxi.o
         0          0          0          0          0          0   indicate_semi.o
         2          0          0          0          0          0   libinit.o
         6          0          0          0          0          0   libinit2.o
         2          0          0          0          0          0   libshutdown.o
         2          0          0          0          0          0   libshutdown2.o
         8          4          0          0         96         68   libspace.o
       238          0          0          0          0        100   lludivv7m.o
        78          0          0          0          0         80   rt_memclr_w.o
       100          0          0          0          0         80   rt_memcpy_w.o
         2          0          0          0          0          0   rtexit.o
        10          0          0          0          0          0   rtexit2.o
        12          4          0          0          0         68   sys_exit.o
        74          0          0          0          0         80   sys_stackheap_outer.o
         2          0          0          0          0         68   use_no_semi.o
        10          0          0          0          0        116   fpinit.o

    ----------------------------------------------------------------------
       712         16          0          0        100        960   Library Totals
        10          0          0          0          4          0   (incl. Padding)

    ----------------------------------------------------------------------

      Code (inc. data)   RO Data    RW Data    ZI Data      Debug   Library Name

       692         16          0          0         96        844   c_w.l
        10          0          0          0          0        116   fz_wm.l

    ----------------------------------------------------------------------
       712         16          0          0        100        960   Library Totals

    ----------------------------------------------------------------------

==============================================================================


      Code (inc. data)   RO Data    RW Data    ZI Data      Debug   

     10304        738        668        136      18216     942743   Grand Totals
     10304        738        668        136      18216     942743   ELF Image Totals
     10304        738        668        136          0          0   ROM Totals

==============================================================================

    Total RO  Size (Code + RO Data)                10972 (  10.71kB)
    Total RW  Size (RW Data + ZI Data)             18352 (  17.92kB)
    Total ROM Size (Code + RO Data + RW Data)      11108 (  10.85kB)

==============================================================================

